Archive member included because of file (symbol)

c:/program files (x86)/atollic/truestudio stm32 lite 2.1.0/armtools/bin/../lib/gcc/arm-atollic-eabi/4.5.1/thumb/thumb2\libgcc.a(_arm_addsubdf3.o)
                              Utilities\STM32_EVAL\STM3210C_EVAL\stm3210c_eval_lcd.o (__aeabi_ui2d)
c:/program files (x86)/atollic/truestudio stm32 lite 2.1.0/armtools/bin/../lib/gcc/arm-atollic-eabi/4.5.1/thumb/thumb2\libgcc.a(_arm_muldivdf3.o)
                              src\physix_m.o (__aeabi_dmul)
c:/program files (x86)/atollic/truestudio stm32 lite 2.1.0/armtools/bin/../lib/gcc/arm-atollic-eabi/4.5.1/thumb/thumb2\libgcc.a(_arm_cmpdf2.o)
                              Utilities\STM32_EVAL\STM3210C_EVAL\stm3210c_eval_lcd.o (__aeabi_dcmplt)
c:/program files (x86)/atollic/truestudio stm32 lite 2.1.0/armtools/bin/../lib/gcc/arm-atollic-eabi/4.5.1/thumb/thumb2\libgcc.a(_arm_fixdfsi.o)
                              src\accel.o (__aeabi_d2iz)
c:/program files (x86)/atollic/truestudio stm32 lite 2.1.0/armtools/bin/../lib/gcc/arm-atollic-eabi/4.5.1/thumb/thumb2\libgcc.a(_arm_truncdfsf2.o)
                              src\physix_m.o (__aeabi_d2f)
c:/program files (x86)/atollic/truestudio stm32 lite 2.1.0/armtools/bin/../lib/gcc/arm-atollic-eabi/4.5.1/thumb/thumb2\libgcc.a(_arm_addsubsf3.o)
                              src\physix_m.o (__aeabi_fadd)
c:/program files (x86)/atollic/truestudio stm32 lite 2.1.0/armtools/bin/../lib/gcc/arm-atollic-eabi/4.5.1/thumb/thumb2\libgcc.a(_arm_muldivsf3.o)
                              src\physix_m.o (__aeabi_fmul)
c:/program files (x86)/atollic/truestudio stm32 lite 2.1.0/armtools/bin/../lib/gcc/arm-atollic-eabi/4.5.1/thumb/thumb2\libgcc.a(_arm_fixsfsi.o)
                              src\physix_m.o (__aeabi_f2iz)
c:/program files (x86)/atollic/truestudio stm32 lite 2.1.0/armtools/bin/../lib/gcc/arm-atollic-eabi/4.5.1/thumb/thumb2\libgcc.a(_arm_fixunssfsi.o)
                              src\physix_m.o (__aeabi_f2uiz)
c:/program files (x86)/atollic/truestudio stm32 lite 2.1.0/armtools/bin/../lib/gcc/arm-atollic-eabi/4.5.1/../../../../arm-atollic-eabi/lib/thumb/thumb2\libc.a(lib_a-init.o)
                              Libraries\CMSIS\CM3\DeviceSupport\ST\STM32F10x\startup\TrueSTUDIO\startup_stm32f10x_cl.o (__libc_init_array)
c:/program files (x86)/atollic/truestudio stm32 lite 2.1.0/armtools/bin/../lib/gcc/arm-atollic-eabi/4.5.1/../../../../arm-atollic-eabi/lib/thumb/thumb2\libc.a(lib_a-sprintf.o)
                              src\accel.o (sprintf)
c:/program files (x86)/atollic/truestudio stm32 lite 2.1.0/armtools/bin/../lib/gcc/arm-atollic-eabi/4.5.1/../../../../arm-atollic-eabi/lib/thumb/thumb2\libc.a(lib_a-svfprintf.o)
                              c:/program files (x86)/atollic/truestudio stm32 lite 2.1.0/armtools/bin/../lib/gcc/arm-atollic-eabi/4.5.1/../../../../arm-atollic-eabi/lib/thumb/thumb2\libc.a(lib_a-sprintf.o) (_svfprintf_r)
c:/program files (x86)/atollic/truestudio stm32 lite 2.1.0/armtools/bin/../lib/gcc/arm-atollic-eabi/4.5.1/../../../../arm-atollic-eabi/lib/thumb/thumb2\libc.a(lib_a-dtoa.o)
                              c:/program files (x86)/atollic/truestudio stm32 lite 2.1.0/armtools/bin/../lib/gcc/arm-atollic-eabi/4.5.1/../../../../arm-atollic-eabi/lib/thumb/thumb2\libc.a(lib_a-svfprintf.o) (_dtoa_r)
c:/program files (x86)/atollic/truestudio stm32 lite 2.1.0/armtools/bin/../lib/gcc/arm-atollic-eabi/4.5.1/../../../../arm-atollic-eabi/lib/thumb/thumb2\libc.a(lib_a-impure.o)
                              c:/program files (x86)/atollic/truestudio stm32 lite 2.1.0/armtools/bin/../lib/gcc/arm-atollic-eabi/4.5.1/../../../../arm-atollic-eabi/lib/thumb/thumb2\libc.a(lib_a-sprintf.o) (_impure_ptr)
c:/program files (x86)/atollic/truestudio stm32 lite 2.1.0/armtools/bin/../lib/gcc/arm-atollic-eabi/4.5.1/../../../../arm-atollic-eabi/lib/thumb/thumb2\libc.a(lib_a-locale.o)
                              c:/program files (x86)/atollic/truestudio stm32 lite 2.1.0/armtools/bin/../lib/gcc/arm-atollic-eabi/4.5.1/../../../../arm-atollic-eabi/lib/thumb/thumb2\libc.a(lib_a-svfprintf.o) (_localeconv_r)
c:/program files (x86)/atollic/truestudio stm32 lite 2.1.0/armtools/bin/../lib/gcc/arm-atollic-eabi/4.5.1/../../../../arm-atollic-eabi/lib/thumb/thumb2\libc.a(lib_a-malloc.o)
                              c:/program files (x86)/atollic/truestudio stm32 lite 2.1.0/armtools/bin/../lib/gcc/arm-atollic-eabi/4.5.1/../../../../arm-atollic-eabi/lib/thumb/thumb2\libc.a(lib_a-dtoa.o) (malloc)
c:/program files (x86)/atollic/truestudio stm32 lite 2.1.0/armtools/bin/../lib/gcc/arm-atollic-eabi/4.5.1/../../../../arm-atollic-eabi/lib/thumb/thumb2\libc.a(lib_a-mallocr.o)
                              c:/program files (x86)/atollic/truestudio stm32 lite 2.1.0/armtools/bin/../lib/gcc/arm-atollic-eabi/4.5.1/../../../../arm-atollic-eabi/lib/thumb/thumb2\libc.a(lib_a-svfprintf.o) (_malloc_r)
[...]
Memory Configuration

Name             Origin             Length             Attributes
FLASH            0x08000000         0x00040000         xr
RAM              0x20000000         0x00010000         xrw
MEMORY_B1        0x60000000         0x00000000         xr
*default*        0x00000000         0xffffffff

Linker script and memory map

LOAD c:/program files (x86)/atollic/truestudio stm32 lite 2.1.0/armtools/bin/../lib/gcc/arm-atollic-eabi/4.5.1/thumb/thumb2/crti.o
LOAD c:/program files (x86)/atollic/truestudio stm32 lite 2.1.0/armtools/bin/../lib/gcc/arm-atollic-eabi/4.5.1/thumb/thumb2/crtbegin.o
LOAD src\system_stm32f10x.o
LOAD src\stm32f10x_it.o
LOAD src\stm32_mems_adapter.o
LOAD src\physix_m.o
LOAD src\main.o
LOAD src\drawing.o
LOAD src\accel.o
LOAD Utilities\STM32_EVAL\STM3210C_EVAL\stm3210c_eval_lcd.o
LOAD Utilities\STM32_EVAL\STM3210C_EVAL\stm3210c_eval_ioe.o
LOAD Utilities\STM32_EVAL\STM3210C_EVAL\stm3210c_eval.o
LOAD Utilities\STM32_EVAL\Common\stm32_eval_spi_sd.o
LOAD Utilities\STM32_EVAL\Common\stm32_eval_i2c_ee.o
LOAD Utilities\STM32_EVAL\Common\fonts.o
LOAD Libraries\STM32F10x_StdPeriph_Driver\src\stm32f10x_wwdg.o
LOAD Libraries\STM32F10x_StdPeriph_Driver\src\stm32f10x_usart.o
LOAD Libraries\STM32F10x_StdPeriph_Driver\src\stm32f10x_tim.o
LOAD Libraries\STM32F10x_StdPeriph_Driver\src\stm32f10x_spi.o
LOAD Libraries\STM32F10x_StdPeriph_Driver\src\stm32f10x_sdio.o
LOAD Libraries\STM32F10x_StdPeriph_Driver\src\stm32f10x_rtc.o
LOAD Libraries\STM32F10x_StdPeriph_Driver\src\stm32f10x_rcc.o
LOAD Libraries\STM32F10x_StdPeriph_Driver\src\stm32f10x_pwr.o
LOAD Libraries\STM32F10x_StdPeriph_Driver\src\stm32f10x_iwdg.o
LOAD Libraries\STM32F10x_StdPeriph_Driver\src\stm32f10x_i2c.o
LOAD Libraries\STM32F10x_StdPeriph_Driver\src\stm32f10x_gpio.o
LOAD Libraries\STM32F10x_StdPeriph_Driver\src\stm32f10x_fsmc.o
LOAD Libraries\STM32F10x_StdPeriph_Driver\src\stm32f10x_flash.o
LOAD Libraries\STM32F10x_StdPeriph_Driver\src\stm32f10x_exti.o
LOAD Libraries\STM32F10x_StdPeriph_Driver\src\stm32f10x_dma.o
LOAD Libraries\STM32F10x_StdPeriph_Driver\src\stm32f10x_dbgmcu.o
LOAD Libraries\STM32F10x_StdPeriph_Driver\src\stm32f10x_dac.o
LOAD Libraries\STM32F10x_StdPeriph_Driver\src\stm32f10x_crc.o
LOAD Libraries\STM32F10x_StdPeriph_Driver\src\stm32f10x_cec.o
LOAD Libraries\STM32F10x_StdPeriph_Driver\src\stm32f10x_can.o
LOAD Libraries\STM32F10x_StdPeriph_Driver\src\stm32f10x_bkp.o
LOAD Libraries\STM32F10x_StdPeriph_Driver\src\stm32f10x_adc.o
LOAD Libraries\STM32F10x_StdPeriph_Driver\src\misc.o
LOAD Libraries\CMSIS\CM3\DeviceSupport\ST\STM32F10x\startup\TrueSTUDIO\startup_stm32f10x_cl.o
LOAD Libraries\CMSIS\CM3\CoreSupport\core_cm3.o
                0x00001000                malloc_getpagesize_P = 0x1000
START GROUP
LOAD c:/program files (x86)/atollic/truestudio stm32 lite 2.1.0/armtools/bin/../lib/gcc/arm-atollic-eabi/4.5.1/thumb/thumb2\libgcc.a
LOAD c:/program files (x86)/atollic/truestudio stm32 lite 2.1.0/armtools/bin/../lib/gcc/arm-atollic-eabi/4.5.1/../../../../arm-atollic-eabi/lib/thumb/thumb2\libc.a
END GROUP
LOAD c:/program files (x86)/atollic/truestudio stm32 lite 2.1.0/armtools/bin/../lib/gcc/arm-atollic-eabi/4.5.1/thumb/thumb2/crtend.o
LOAD c:/program files (x86)/atollic/truestudio stm32 lite 2.1.0/armtools/bin/../lib/gcc/arm-atollic-eabi/4.5.1/thumb/thumb2/crtn.o
                0x20010000                _estack = 0x20010000
                0x00000000                _Min_Heap_Size = 0x0
                0x00000200                _Min_Stack_Size = 0x200

.isr_vector     0x08000000      0x1e4
                0x08000000                . = ALIGN (0x4)
 *(.isr_vector)
 .isr_vector    0x08000000      0x1e4 Libraries\CMSIS\CM3\DeviceSupport\ST\STM32F10x\startup\TrueSTUDIO\startup_stm32f10x_cl.o
                0x08000000                g_pfnVectors
                0x080001e4                . = ALIGN (0x4)

.text           0x080001e8    0x1bdc8
                0x080001e8                . = ALIGN (0x4)
 *(.text)
 .text          0x080001e8       0x30 c:/program files (x86)/atollic/truestudio stm32 lite 2.1.0/armtools/bin/../lib/gcc/arm-atollic-eabi/4.5.1/thumb/thumb2/crtbegin.o
 .text          0x08000218      0x370 c:/program files (x86)/atollic/truestudio stm32 lite 2.1.0/armtools/bin/../lib/gcc/arm-atollic-eabi/4.5.1/thumb/thumb2\libgcc.a(_arm_addsubdf3.o)
                0x08000218                __aeabi_drsub
                0x08000220                __aeabi_dsub
                0x08000220                __subdf3
                0x08000224                __aeabi_dadd
                0x08000224                __adddf3
                0x0800049c                __floatunsidf
                0x0800049c                __aeabi_ui2d
                0x080004bc                __floatsidf
                0x080004bc                __aeabi_i2d
                0x080004e0                __aeabi_f2d
                0x080004e0                __extendsfdf2
                0x0800051c                __floatundidf
                0x0800051c                __aeabi_ul2d
                0x0800052c                __floatdidf
                0x0800052c                __aeabi_l2d
 .text          0x08000588      0x424 c:/program files (x86)/atollic/truestudio stm32 lite 2.1.0/armtools/bin/../lib/gcc/arm-atollic-eabi/4.5.1/thumb/thumb2\libgcc.a(_arm_muldivdf3.o)
                0x08000588                __aeabi_dmul
                0x08000588                __muldf3
                0x080007dc                __divdf3
                0x080007dc                __aeabi_ddiv
 .text          0x080009ac      0x110 c:/program files (x86)/atollic/truestudio stm32 lite 2.1.0/armtools/bin/../lib/gcc/arm-atollic-eabi/4.5.1/thumb/thumb2\libgcc.a(_arm_cmpdf2.o)
                0x080009ac                __gtdf2
                0x080009ac                __gedf2
                0x080009b4                __ltdf2
                0x080009b4                __ledf2
                0x080009bc                __nedf2
                0x080009bc                __eqdf2
                0x080009bc                __cmpdf2
                0x08000a38                __aeabi_cdrcmple
                0x08000a48                __aeabi_cdcmpeq
                0x08000a48                __aeabi_cdcmple
                0x08000a58                __aeabi_dcmpeq
                0x08000a6c                __aeabi_dcmplt
                0x08000a80                __aeabi_dcmple
                0x08000a94                __aeabi_dcmpge
                0x08000aa8                __aeabi_dcmpgt
 .text          0x08000abc       0x50 c:/program files (x86)/atollic/truestudio stm32 lite 2.1.0/armtools/bin/../lib/gcc/arm-atollic-eabi/4.5.1/thumb/thumb2\libgcc.a(_arm_fixdfsi.o)
                0x08000abc                __aeabi_d2iz
                0x08000abc                __fixdfsi
 .text          0x08000b0c       0xa0 c:/program files (x86)/atollic/truestudio stm32 lite 2.1.0/armtools/bin/../lib/gcc/arm-atollic-eabi/4.5.1/thumb/thumb2\libgcc.a(_arm_truncdfsf2.o)
                0x08000b0c                __truncdfsf2
                0x08000b0c                __aeabi_d2f
 .text          0x08000bac      0x21c c:/program files (x86)/atollic/truestudio stm32 lite 2.1.0/armtools/bin/../lib/gcc/arm-atollic-eabi/4.5.1/thumb/thumb2\libgcc.a(_arm_addsubsf3.o)
                0x08000bac                __aeabi_frsub
                0x08000bb4                __subsf3
                0x08000bb4                __aeabi_fsub
                0x08000bb8                __aeabi_fadd
                0x08000bb8                __addsf3
                0x08000d18                __aeabi_ui2f
                0x08000d18                __floatunsisf
                0x08000d20                __aeabi_i2f
                0x08000d20                __floatsisf
                0x08000d3c                __aeabi_ul2f
                0x08000d3c                __floatundisf
                0x08000d4c                __aeabi_l2f
                0x08000d4c                __floatdisf
 .text          0x08000dc8      0x2a0 c:/program files (x86)/atollic/truestudio stm32 lite 2.1.0/armtools/bin/../lib/gcc/arm-atollic-eabi/4.5.1/thumb/thumb2\libgcc.a(_arm_muldivsf3.o)
                0x08000dc8                __mulsf3
                0x08000dc8                __aeabi_fmul
                0x08000f30                __aeabi_fdiv
                0x08000f30                __divsf3
 .text          0x08001068       0x40 c:/program files (x86)/atollic/truestudio stm32 lite 2.1.0/armtools/bin/../lib/gcc/arm-atollic-eabi/4.5.1/thumb/thumb2\libgcc.a(_arm_fixunssfsi.o)
                0x08001068                __fixunssfsi
                0x08001068                __aeabi_f2uiz
 .text          0x080010a8      0x278 c:/program files (x86)/atollic/truestudio stm32 lite 2.1.0/armtools/bin/../lib/gcc/arm-atollic-eabi/4.5.1/thumb/thumb2\libgcc.a(_udivsi3.o)
                0x080010a8                __aeabi_uidiv
                0x080010a8                __udivsi3
                0x08001304                __aeabi_uidivmod
 .text          0x08001320      0x2b0 c:/program files (x86)/atollic/truestudio stm32 lite 2.1.0/armtools/bin/../lib/gcc/arm-atollic-eabi/4.5.1/thumb/thumb2\libgcc.a(_divsi3.o)
                0x08001320                __divsi3
                0x08001320                __aeabi_idiv
                0x080015b4                __aeabi_idivmod
 .text          0x080015d0        0x4 c:/program files (x86)/atollic/truestudio stm32 lite 2.1.0/armtools/bin/../lib/gcc/arm-atollic-eabi/4.5.1/thumb/thumb2\libgcc.a(_dvmd_tls.o)
                0x080015d0                __aeabi_idiv0
                0x080015d0                __aeabi_ldiv0
 .text          0x080015d4       0x2c c:/program files (x86)/atollic/truestudio stm32 lite 2.1.0/armtools/bin/../lib/gcc/arm-atollic-eabi/4.5.1/thumb/thumb2\libgcc.a(_aeabi_uldivmod.o)
                0x080015d4                __aeabi_uldivmod
 .text          0x08001600       0x60 c:/program files (x86)/atollic/truestudio stm32 lite 2.1.0/armtools/bin/../lib/gcc/arm-atollic-eabi/4.5.1/thumb/thumb2\libgcc.a(bpabi.o)
                0x08001600                __gnu_ldivmod_helper
                0x08001630                __gnu_uldivmod_helper
 .text          0x08001660      0x364 c:/program files (x86)/atollic/truestudio stm32 lite 2.1.0/armtools/bin/../lib/gcc/arm-atollic-eabi/4.5.1/thumb/thumb2\libgcc.a(_divdi3.o)
                0x08001660                __divdi3
 .text          0x080019c4      0x314 c:/program files (x86)/atollic/truestudio stm32 lite 2.1.0/armtools/bin/../lib/gcc/arm-atollic-eabi/4.5.1/thumb/thumb2\libgcc.a(_udivdi3.o)
                0x080019c4                __udivdi3
 *(.text*)
 .text.SystemInit
                0x08001cd8       0xd4 src\system_stm32f10x.o
                0x08001cd8                SystemInit
 .text.SetSysClock
                0x08001dac        0xc src\system_stm32f10x.o
 .text.SetSysClockTo72
                0x08001db8      0x214 src\system_stm32f10x.o
 .text.NMI_Handler
                0x08001fcc        0xc src\stm32f10x_it.o
                0x08001fcc                NMI_Handler
 .text.HardFault_Handler
                0x08001fd8        0x8 src\stm32f10x_it.o
                0x08001fd8                HardFault_Handler
 .text.MemManage_Handler
                0x08001fe0        0x8 src\stm32f10x_it.o
                0x08001fe0                MemManage_Handler
 .text.BusFault_Handler
                0x08001fe8        0x8 src\stm32f10x_it.o
                0x08001fe8                BusFault_Handler
 .text.UsageFault_Handler
                0x08001ff0        0x8 src\stm32f10x_it.o
                0x08001ff0                UsageFault_Handler
 .text.SVC_Handler
                0x08001ff8        0xc src\stm32f10x_it.o
                0x08001ff8                SVC_Handler
 .text.DebugMon_Handler
                0x08002004        0xc src\stm32f10x_it.o
                0x08002004                DebugMon_Handler
 .text.PendSV_Handler
                0x08002010        0xc src\stm32f10x_it.o
                0x08002010                PendSV_Handler
 .text.SysTick_Handler
                0x0800201c        0xc src\stm32f10x_it.o
                0x0800201c                SysTick_Handler
 .text.get_pos  0x08002028      0x3c0 src\physix_m.o
                0x08002028                get_pos
 .text.NVIC_SetPriority
                0x080023e8       0x5c src\main.o
 .text.SysTick_Config
                0x08002444       0x64 src\main.o
 .text.main     0x080024a8       0xf4 src\main.o
                0x080024a8                main
 .text.TimingDelay
                0x0800259c       0x34 src\main.o
                0x0800259c                TimingDelay
 .text.Delay    0x080025d0       0x28 src\main.o
                0x080025d0                Delay
 .text.ShowStartup
                0x080025f8       0xfc src\main.o
                0x080025f8                ShowStartup
 .text.ShowMenu
                0x080026f4      0x110 src\main.o
                0x080026f4                ShowMenu
 .text.sEE_TIMEOUT_UserCallback
                0x08002804       0x10 src\main.o
                0x08002804                sEE_TIMEOUT_UserCallback
 .text.DrawImage
                0x08002814       0x90 src\drawing.o
                0x08002814                DrawImage
 .text.SetBallPos
                0x080028a4       0x3c src\drawing.o
                0x080028a4                SetBallPos
 .text.DrawBall
                0x080028e0       0x70 src\drawing.o
                0x080028e0                DrawBall
 .text.AccelInit
                0x08002950      0x438 src\accel.o
                0x08002950                AccelInit
 .text.AccelStatus
                0x08002d88       0x18 src\accel.o
                0x08002d88                AccelStatus
 .text.AccelData
                0x08002da0       0x8c src\accel.o
                0x08002da0                AccelData
 *fill*         0x08002e2c        0x4 00
 .text.GetMA_X  0x08002e30       0x98 src\accel.o
                0x08002e30                GetMA_X
 .text.GetMA_Y  0x08002ec8       0x98 src\accel.o
                0x08002ec8                GetMA_Y
 .text.UpdateMA_X
                0x08002f60       0x94 src\accel.o
                0x08002f60                UpdateMA_X
 .text.UpdateMA_Y
                0x08002ff4       0x94 src\accel.o
                0x08002ff4                UpdateMA_Y
 .text.UpdateMA_Z
                0x08003088       0x94 src\accel.o
                0x08003088                UpdateMA_Z
 .text.LCD_Setup
                0x0800311c      0x2c0 Utilities\STM32_EVAL\STM3210C_EVAL\stm3210c_eval_lcd.o
                0x0800311c                LCD_Setup
 .text.STM3210C_LCD_Init
                0x080033dc       0x18 Utilities\STM32_EVAL\STM3210C_EVAL\stm3210c_eval_lcd.o
                0x080033dc                STM3210C_LCD_Init
 .text.LCD_SetTextColor
                0x080033f4       0x24 Utilities\STM32_EVAL\STM3210C_EVAL\stm3210c_eval_lcd.o
                0x080033f4                LCD_SetTextColor
 .text.LCD_SetBackColor
                0x08003418       0x24 Utilities\STM32_EVAL\STM3210C_EVAL\stm3210c_eval_lcd.o
                0x08003418                LCD_SetBackColor
 .text.LCD_SetFont
                0x0800343c       0x20 Utilities\STM32_EVAL\STM3210C_EVAL\stm3210c_eval_lcd.o
                0x0800343c                LCD_SetFont
 .text.LCD_GetFont
                0x0800345c       0x18 Utilities\STM32_EVAL\STM3210C_EVAL\stm3210c_eval_lcd.o
                0x0800345c                LCD_GetFont
 .text.LCD_Clear
                0x08003474       0x64 Utilities\STM32_EVAL\STM3210C_EVAL\stm3210c_eval_lcd.o
                0x08003474                LCD_Clear
 .text.LCD_SetCursor
                0x080034d8       0x30 Utilities\STM32_EVAL\STM3210C_EVAL\stm3210c_eval_lcd.o
                0x080034d8                LCD_SetCursor
 .text.LCD_DrawChar
                0x08003508      0x158 Utilities\STM32_EVAL\STM3210C_EVAL\stm3210c_eval_lcd.o
                0x08003508                LCD_DrawChar
 .text.LCD_DisplayChar
                0x08003660       0x54 Utilities\STM32_EVAL\STM3210C_EVAL\stm3210c_eval_lcd.o
                0x08003660                LCD_DisplayChar
 .text.LCD_DisplayStringLine
                0x080036b4       0x84 Utilities\STM32_EVAL\STM3210C_EVAL\stm3210c_eval_lcd.o
                0x080036b4                LCD_DisplayStringLine
 .text.LCD_DrawLine
                0x08003738       0xb0 Utilities\STM32_EVAL\STM3210C_EVAL\stm3210c_eval_lcd.o
                0x08003738                LCD_DrawLine
 .text.LCD_DrawCircle
                0x080037e8      0x1e8 Utilities\STM32_EVAL\STM3210C_EVAL\stm3210c_eval_lcd.o
                0x080037e8                LCD_DrawCircle
 .text.LCD_DrawFullCircle
                0x080039d0      0x174 Utilities\STM32_EVAL\STM3210C_EVAL\stm3210c_eval_lcd.o
                0x080039d0                LCD_DrawFullCircle
 .text.LCD_nCS_StartByte
                0x08003b44       0x50 Utilities\STM32_EVAL\STM3210C_EVAL\stm3210c_eval_lcd.o
                0x08003b44                LCD_nCS_StartByte
 .text.LCD_WriteRegIndex
                0x08003b94       0x80 Utilities\STM32_EVAL\STM3210C_EVAL\stm3210c_eval_lcd.o
                0x08003b94                LCD_WriteRegIndex
 .text.LCD_WriteRAM_Prepare
                0x08003c14       0x18 Utilities\STM32_EVAL\STM3210C_EVAL\stm3210c_eval_lcd.o
                0x08003c14                LCD_WriteRAM_Prepare
 .text.LCD_WriteRAMWord
                0x08003c2c       0x34 Utilities\STM32_EVAL\STM3210C_EVAL\stm3210c_eval_lcd.o
                0x08003c2c                LCD_WriteRAMWord
 .text.LCD_WriteReg
                0x08003c60       0x98 Utilities\STM32_EVAL\STM3210C_EVAL\stm3210c_eval_lcd.o
                0x08003c60                LCD_WriteReg
 .text.LCD_WriteRAM
                0x08003cf8       0x70 Utilities\STM32_EVAL\STM3210C_EVAL\stm3210c_eval_lcd.o
                0x08003cf8                LCD_WriteRAM
 .text.LCD_CtrlLinesConfig
                0x08003d68       0x40 Utilities\STM32_EVAL\STM3210C_EVAL\stm3210c_eval_lcd.o
                0x08003d68                LCD_CtrlLinesConfig
 .text.LCD_CtrlLinesWrite
                0x08003da8       0x28 Utilities\STM32_EVAL\STM3210C_EVAL\stm3210c_eval_lcd.o
                0x08003da8                LCD_CtrlLinesWrite
 .text.LCD_SPIConfig
                0x08003dd0       0xe4 Utilities\STM32_EVAL\STM3210C_EVAL\stm3210c_eval_lcd.o
                0x08003dd0                LCD_SPIConfig
 .text.delay    0x08003eb4       0x38 Utilities\STM32_EVAL\STM3210C_EVAL\stm3210c_eval_lcd.o
 .text.IOE_Config
                0x08003eec      0x148 Utilities\STM32_EVAL\STM3210C_EVAL\stm3210c_eval_ioe.o
                0x08003eec                IOE_Config
 .text.IOE_WriteIOPin
                0x08004034       0x78 Utilities\STM32_EVAL\STM3210C_EVAL\stm3210c_eval_ioe.o
                0x08004034                IOE_WriteIOPin
 .text.IOE_TS_GetState
                0x080040ac      0x14c Utilities\STM32_EVAL\STM3210C_EVAL\stm3210c_eval_ioe.o
                0x080040ac                IOE_TS_GetState
 .text.IOE_IsOperational
                0x080041f8       0x48 Utilities\STM32_EVAL\STM3210C_EVAL\stm3210c_eval_ioe.o
                0x080041f8                IOE_IsOperational
 .text.IOE_Reset
                0x08004240       0x40 Utilities\STM32_EVAL\STM3210C_EVAL\stm3210c_eval_ioe.o
                0x08004240                IOE_Reset
 .text.IOE_ReadID
                0x08004280       0x4c Utilities\STM32_EVAL\STM3210C_EVAL\stm3210c_eval_ioe.o
                0x08004280                IOE_ReadID
 .text.IOE_FnctCmd
                0x080042cc       0x6c Utilities\STM32_EVAL\STM3210C_EVAL\stm3210c_eval_ioe.o
                0x080042cc                IOE_FnctCmd
 .text.IOE_IOPinConfig
                0x08004338       0x6c Utilities\STM32_EVAL\STM3210C_EVAL\stm3210c_eval_ioe.o
                0x08004338                IOE_IOPinConfig
 .text.IOE_TS_Config
                0x080043a4      0x184 Utilities\STM32_EVAL\STM3210C_EVAL\stm3210c_eval_ioe.o
                0x080043a4                IOE_TS_Config
 .text.IOE_TempSens_Config
                0x08004528       0x68 Utilities\STM32_EVAL\STM3210C_EVAL\stm3210c_eval_ioe.o
                0x08004528                IOE_TempSens_Config
 .text.IOE_IOAFConfig
                0x08004590       0x6c Utilities\STM32_EVAL\STM3210C_EVAL\stm3210c_eval_ioe.o
                0x08004590                IOE_IOAFConfig
 .text.IOE_IOEdgeConfig
                0x080045fc       0xbc Utilities\STM32_EVAL\STM3210C_EVAL\stm3210c_eval_ioe.o
                0x080045fc                IOE_IOEdgeConfig
 .text.I2C_WriteDeviceRegister
                0x080046b8      0x25c Utilities\STM32_EVAL\STM3210C_EVAL\stm3210c_eval_ioe.o
                0x080046b8                I2C_WriteDeviceRegister
 .text.I2C_ReadDeviceRegister
                0x08004914      0x308 Utilities\STM32_EVAL\STM3210C_EVAL\stm3210c_eval_ioe.o
                0x08004914                I2C_ReadDeviceRegister
 .text.I2C_ReadDataBuffer
                0x08004c1c      0x31c Utilities\STM32_EVAL\STM3210C_EVAL\stm3210c_eval_ioe.o
                0x08004c1c                I2C_ReadDataBuffer
 .text.IOE_TS_Read_X
                0x08004f38       0x68 Utilities\STM32_EVAL\STM3210C_EVAL\stm3210c_eval_ioe.o
 .text.IOE_TS_Read_Y
                0x08004fa0       0x70 Utilities\STM32_EVAL\STM3210C_EVAL\stm3210c_eval_ioe.o
 .text.IOE_TS_Read_Z
                0x08005010       0x30 Utilities\STM32_EVAL\STM3210C_EVAL\stm3210c_eval_ioe.o
 .text.IOE_GPIO_Config
                0x08005040       0xa4 Utilities\STM32_EVAL\STM3210C_EVAL\stm3210c_eval_ioe.o
 .text.IOE_I2C_Config
                0x080050e4       0x48 Utilities\STM32_EVAL\STM3210C_EVAL\stm3210c_eval_ioe.o
 .text.IOE_DMA_Config
                0x0800512c       0xbc Utilities\STM32_EVAL\STM3210C_EVAL\stm3210c_eval_ioe.o
 .text.delay    0x080051e8       0x38 Utilities\STM32_EVAL\STM3210C_EVAL\stm3210c_eval_ioe.o
 .text.STM_EVAL_LEDInit
                0x08005220       0x60 Utilities\STM32_EVAL\STM3210C_EVAL\stm3210c_eval.o
                0x08005220                STM_EVAL_LEDInit
 .text.STM_EVAL_PBInit
                0x08005280       0xf8 Utilities\STM32_EVAL\STM3210C_EVAL\stm3210c_eval.o
                0x08005280                STM_EVAL_PBInit
 .text.DMA1_Channel6_IRQHandler
                0x08005378       0xb4 Utilities\STM32_EVAL\Common\stm32_eval_i2c_ee.o
                0x08005378                DMA1_Channel6_IRQHandler
 .text.DMA1_Channel7_IRQHandler
                0x0800542c       0x4c Utilities\STM32_EVAL\Common\stm32_eval_i2c_ee.o
                0x0800542c                DMA1_Channel7_IRQHandler
 .text.SPI_I2S_DeInit
                0x08005478       0x88 Libraries\STM32F10x_StdPeriph_Driver\src\stm32f10x_spi.o
                0x08005478                SPI_I2S_DeInit
 .text.SPI_Init
                0x08005500       0x98 Libraries\STM32F10x_StdPeriph_Driver\src\stm32f10x_spi.o
                0x08005500                SPI_Init
 .text.SPI_Cmd  0x08005598       0x40 Libraries\STM32F10x_StdPeriph_Driver\src\stm32f10x_spi.o
                0x08005598                SPI_Cmd
 .text.SPI_I2S_SendData
                0x080055d8       0x1c Libraries\STM32F10x_StdPeriph_Driver\src\stm32f10x_spi.o
                0x080055d8                SPI_I2S_SendData
 .text.SPI_I2S_GetFlagStatus
                0x080055f4       0x40 Libraries\STM32F10x_StdPeriph_Driver\src\stm32f10x_spi.o
                0x080055f4                SPI_I2S_GetFlagStatus
 .text.RCC_GetClocksFreq
                0x08005634      0x260 Libraries\STM32F10x_StdPeriph_Driver\src\stm32f10x_rcc.o
                0x08005634                RCC_GetClocksFreq
 .text.RCC_AHBPeriphClockCmd
                0x08005894       0x5c Libraries\STM32F10x_StdPeriph_Driver\src\stm32f10x_rcc.o
                0x08005894                RCC_AHBPeriphClockCmd
 .text.RCC_APB2PeriphClockCmd
                0x080058f0       0x5c Libraries\STM32F10x_StdPeriph_Driver\src\stm32f10x_rcc.o
                0x080058f0                RCC_APB2PeriphClockCmd
 .text.RCC_APB1PeriphClockCmd
                0x0800594c       0x5c Libraries\STM32F10x_StdPeriph_Driver\src\stm32f10x_rcc.o
                0x0800594c                RCC_APB1PeriphClockCmd
 .text.RCC_APB2PeriphResetCmd
                0x080059a8       0x5c Libraries\STM32F10x_StdPeriph_Driver\src\stm32f10x_rcc.o
                0x080059a8                RCC_APB2PeriphResetCmd
 .text.RCC_APB1PeriphResetCmd
                0x08005a04       0x5c Libraries\STM32F10x_StdPeriph_Driver\src\stm32f10x_rcc.o
                0x08005a04                RCC_APB1PeriphResetCmd
 .text.I2C_Init
                0x08005a60      0x1b8 Libraries\STM32F10x_StdPeriph_Driver\src\stm32f10x_i2c.o
                0x08005a60                I2C_Init
 .text.I2C_Cmd  0x08005c18       0x40 Libraries\STM32F10x_StdPeriph_Driver\src\stm32f10x_i2c.o
                0x08005c18                I2C_Cmd
 .text.I2C_DMACmd
                0x08005c58       0x40 Libraries\STM32F10x_StdPeriph_Driver\src\stm32f10x_i2c.o
                0x08005c58                I2C_DMACmd
 .text.I2C_DMALastTransferCmd
                0x08005c98       0x40 Libraries\STM32F10x_StdPeriph_Driver\src\stm32f10x_i2c.o
                0x08005c98                I2C_DMALastTransferCmd
 .text.I2C_GenerateSTART
                0x08005cd8       0x40 Libraries\STM32F10x_StdPeriph_Driver\src\stm32f10x_i2c.o
                0x08005cd8                I2C_GenerateSTART
 .text.I2C_GenerateSTOP
                0x08005d18       0x40 Libraries\STM32F10x_StdPeriph_Driver\src\stm32f10x_i2c.o
                0x08005d18                I2C_GenerateSTOP
 .text.I2C_ITConfig
                0x08005d58       0x4c Libraries\STM32F10x_StdPeriph_Driver\src\stm32f10x_i2c.o
                0x08005d58                I2C_ITConfig
 .text.I2C_SendData
                0x08005da4       0x20 Libraries\STM32F10x_StdPeriph_Driver\src\stm32f10x_i2c.o
                0x08005da4                I2C_SendData
 .text.I2C_Send7bitAddress
                0x08005dc4       0x3c Libraries\STM32F10x_StdPeriph_Driver\src\stm32f10x_i2c.o
                0x08005dc4                I2C_Send7bitAddress
 .text.I2C_CalculatePEC
                0x08005e00       0x40 Libraries\STM32F10x_StdPeriph_Driver\src\stm32f10x_i2c.o
                0x08005e00                I2C_CalculatePEC
 .text.I2C_CheckEvent
                0x08005e40       0x70 Libraries\STM32F10x_StdPeriph_Driver\src\stm32f10x_i2c.o
                0x08005e40                I2C_CheckEvent
 .text.I2C_GetFlagStatus
                0x08005eb0       0x7c Libraries\STM32F10x_StdPeriph_Driver\src\stm32f10x_i2c.o
                0x08005eb0                I2C_GetFlagStatus
 .text.GPIO_Init
                0x08005f2c      0x1c0 Libraries\STM32F10x_StdPeriph_Driver\src\stm32f10x_gpio.o
                0x08005f2c                GPIO_Init
 .text.GPIO_WriteBit
                0x080060ec       0x30 Libraries\STM32F10x_StdPeriph_Driver\src\stm32f10x_gpio.o
                0x080060ec                GPIO_WriteBit
 .text.GPIO_PinRemapConfig
                0x0800611c      0x124 Libraries\STM32F10x_StdPeriph_Driver\src\stm32f10x_gpio.o
                0x0800611c                GPIO_PinRemapConfig
 .text.GPIO_EXTILineConfig
                0x08006240       0xb4 Libraries\STM32F10x_StdPeriph_Driver\src\stm32f10x_gpio.o
                0x08006240                GPIO_EXTILineConfig
 .text.EXTI_Init
                0x080062f4      0x158 Libraries\STM32F10x_StdPeriph_Driver\src\stm32f10x_exti.o
                0x080062f4                EXTI_Init
 .text.DMA_DeInit
                0x0800644c      0x224 Libraries\STM32F10x_StdPeriph_Driver\src\stm32f10x_dma.o
                0x0800644c                DMA_DeInit
 .text.DMA_Init
                0x08006670       0x84 Libraries\STM32F10x_StdPeriph_Driver\src\stm32f10x_dma.o
                0x08006670                DMA_Init
 .text.DMA_Cmd  0x080066f4       0x3c Libraries\STM32F10x_StdPeriph_Driver\src\stm32f10x_dma.o
                0x080066f4                DMA_Cmd
 .text.DMA_GetFlagStatus
                0x08006730       0x60 Libraries\STM32F10x_StdPeriph_Driver\src\stm32f10x_dma.o
                0x08006730                DMA_GetFlagStatus
 .text.DMA_ClearFlag
                0x08006790       0x38 Libraries\STM32F10x_StdPeriph_Driver\src\stm32f10x_dma.o
                0x08006790                DMA_ClearFlag
 .text.DBGMCU_GetREVID
                0x080067c8       0x1c Libraries\STM32F10x_StdPeriph_Driver\src\stm32f10x_dbgmcu.o
                0x080067c8                DBGMCU_GetREVID
 .text.DBGMCU_GetDEVID
                0x080067e4       0x20 Libraries\STM32F10x_StdPeriph_Driver\src\stm32f10x_dbgmcu.o
                0x080067e4                DBGMCU_GetDEVID
 .text.NVIC_Init
                0x08006804       0xec Libraries\STM32F10x_StdPeriph_Driver\src\misc.o
                0x08006804                NVIC_Init
 .text.Reset_Handler
                0x080068f0       0x48 Libraries\CMSIS\CM3\DeviceSupport\ST\STM32F10x\startup\TrueSTUDIO\startup_stm32f10x_cl.o
                0x080068f0                Reset_Handler
 .text.Default_Handler
                0x08006938        0x2 Libraries\CMSIS\CM3\DeviceSupport\ST\STM32F10x\startup\TrueSTUDIO\startup_stm32f10x_cl.o
                0x08006938                EXTI2_IRQHandler
                0x08006938                TIM1_CC_IRQHandler
                0x08006938                TIM6_IRQHandler
                0x08006938                PVD_IRQHandler
                0x08006938                CAN2_RX1_IRQHandler
                0x08006938                EXTI3_IRQHandler
                0x08006938                EXTI0_IRQHandler
                0x08006938                I2C2_EV_IRQHandler
                0x08006938                CAN1_RX0_IRQHandler
                0x08006938                CAN2_SCE_IRQHandler
                0x08006938                ADC1_2_IRQHandler
                0x08006938                SPI1_IRQHandler
                0x08006938                TAMPER_IRQHandler
                0x08006938                CAN2_RX0_IRQHandler
                0x08006938                DMA2_Channel2_IRQHandler
                0x08006938                DMA1_Channel4_IRQHandler
                0x08006938                USART3_IRQHandler
                0x08006938                RTC_IRQHandler
                0x08006938                CAN1_RX1_IRQHandler
                0x08006938                UART5_IRQHandler
                0x08006938                TIM4_IRQHandler
                0x08006938                DMA2_Channel1_IRQHandler
                0x08006938                I2C1_EV_IRQHandler
                0x08006938                UART4_IRQHandler
                0x08006938                DMA2_Channel4_IRQHandler
                0x08006938                TIM3_IRQHandler
                0x08006938                RCC_IRQHandler
                0x08006938                TIM1_TRG_COM_IRQHandler
                0x08006938                DMA1_Channel1_IRQHandler
                0x08006938                Default_Handler
                0x08006938                EXTI15_10_IRQHandler
                0x08006938                TIM7_IRQHandler
                0x08006938                CAN2_TX_IRQHandler
                0x08006938                TIM5_IRQHandler
                0x08006938                EXTI9_5_IRQHandler
                0x08006938                ETH_WKUP_IRQHandler
                0x08006938                SPI2_IRQHandler
                0x08006938                CAN1_TX_IRQHandler
                0x08006938                DMA2_Channel5_IRQHandler
                0x08006938                DMA1_Channel5_IRQHandler
                0x08006938                EXTI4_IRQHandler
                0x08006938                DMA1_Channel3_IRQHandler
                0x08006938                ETH_IRQHandler
                0x08006938                TIM1_UP_IRQHandler
                0x08006938                WWDG_IRQHandler
                0x08006938                TIM2_IRQHandler
                0x08006938                OTG_FS_WKUP_IRQHandler
                0x08006938                TIM1_BRK_IRQHandler
                0x08006938                EXTI1_IRQHandler
                0x08006938                RTCAlarm_IRQHandler
                0x08006938                USART2_IRQHandler
                0x08006938                I2C2_ER_IRQHandler
                0x08006938                DMA1_Channel2_IRQHandler
                0x08006938                CAN1_SCE_IRQHandler
                0x08006938                FLASH_IRQHandler
                0x08006938                USART1_IRQHandler
                0x08006938                OTG_FS_IRQHandler
                0x08006938                SPI3_IRQHandler
                0x08006938                I2C1_ER_IRQHandler
                0x08006938                DMA2_Channel3_IRQHandler
 *fill*         0x0800693a        0x2 00
 .text.__libc_init_array
                0x0800693c       0x48 c:/program files (x86)/atollic/truestudio stm32 lite 2.1.0/armtools/bin/../lib/gcc/arm-atollic-eabi/4.5.1/../../../../arm-atollic-eabi/lib/thumb/thumb2\libc.a(lib_a-init.o)
                0x0800693c                __libc_init_array
 .text.sprintf  0x08006984       0x48 c:/program files (x86)/atollic/truestudio stm32 lite 2.1.0/armtools/bin/../lib/gcc/arm-atollic-eabi/4.5.1/../../../../arm-atollic-eabi/lib/thumb/thumb2\libc.a(lib_a-sprintf.o)
                0x08006984                sprintf
 .text._svfprintf_r
                0x080069cc     0x10f8 c:/program files (x86)/atollic/truestudio stm32 lite 2.1.0/armtools/bin/../lib/gcc/arm-atollic-eabi/4.5.1/../../../../arm-atollic-eabi/lib/thumb/thumb2\libc.a(lib_a-svfprintf.o)
                0x080069cc                _svfprintf_r
 .text.quorem   0x08007ac4      0x124 c:/program files (x86)/atollic/truestudio stm32 lite 2.1.0/armtools/bin/../lib/gcc/arm-atollic-eabi/4.5.1/../../../../arm-atollic-eabi/lib/thumb/thumb2\libc.a(lib_a-dtoa.o)
 .text._dtoa_r  0x08007be8      0xc08 c:/program files (x86)/atollic/truestudio stm32 lite 2.1.0/armtools/bin/../lib/gcc/arm-atollic-eabi/4.5.1/../../../../arm-atollic-eabi/lib/thumb/thumb2\libc.a(lib_a-dtoa.o)
                0x08007be8                _dtoa_r
 .text._localeconv_r
                0x080087f0        0x8 c:/program files (x86)/atollic/truestudio stm32 lite 2.1.0/armtools/bin/../lib/gcc/arm-atollic-eabi/4.5.1/../../../../arm-atollic-eabi/lib/thumb/thumb2\libc.a(lib_a-locale.o)
                0x080087f0                _localeconv_r
 .text.malloc   0x080087f8       0x10 c:/program files (x86)/atollic/truestudio stm32 lite 2.1.0/armtools/bin/../lib/gcc/arm-atollic-eabi/4.5.1/../../../../arm-atollic-eabi/lib/thumb/thumb2\libc.a(lib_a-malloc.o)
                0x080087f8                malloc
 .text._malloc_r
                0x08008808      0x424 c:/program files (x86)/atollic/truestudio stm32 lite 2.1.0/armtools/bin/../lib/gcc/arm-atollic-eabi/4.5.1/../../../../arm-atollic-eabi/lib/thumb/thumb2\libc.a(lib_a-mallocr.o)
                0x08008808                _malloc_r
 .text.memchr   0x08008c2c       0x1e c:/program files (x86)/atollic/truestudio stm32 lite 2.1.0/armtools/bin/../lib/gcc/arm-atollic-eabi/4.5.1/../../../../arm-atollic-eabi/lib/thumb/thumb2\libc.a(lib_a-memchr.o)
                0x08008c2c                memchr
 .text.memcpy   0x08008c4a       0x16 c:/program files (x86)/atollic/truestudio stm32 lite 2.1.0/armtools/bin/../lib/gcc/arm-atollic-eabi/4.5.1/../../../../arm-atollic-eabi/lib/thumb/thumb2\libc.a(lib_a-memcpy.o)
                0x08008c4a                memcpy
 .text.__malloc_lock
                0x08008c60        0x2 c:/program files (x86)/atollic/truestudio stm32 lite 2.1.0/armtools/bin/../lib/gcc/arm-atollic-eabi/4.5.1/../../../../arm-atollic-eabi/lib/thumb/thumb2\libc.a(lib_a-mlock.o)
                0x08008c60                __malloc_lock
 .text.__malloc_unlock
                0x08008c62        0x2 c:/program files (x86)/atollic/truestudio stm32 lite 2.1.0/armtools/bin/../lib/gcc/arm-atollic-eabi/4.5.1/../../../../arm-atollic-eabi/lib/thumb/thumb2\libc.a(lib_a-mlock.o)
                0x08008c62                __malloc_unlock
 .text._Balloc  0x08008c64       0x62 c:/program files (x86)/atollic/truestudio stm32 lite 2.1.0/armtools/bin/../lib/gcc/arm-atollic-eabi/4.5.1/../../../../arm-atollic-eabi/lib/thumb/thumb2\libc.a(lib_a-mprec.o)
                0x08008c64                _Balloc
 .text._Bfree   0x08008cc6       0x2e c:/program files (x86)/atollic/truestudio stm32 lite 2.1.0/armtools/bin/../lib/gcc/arm-atollic-eabi/4.5.1/../../../../arm-atollic-eabi/lib/thumb/thumb2\libc.a(lib_a-mprec.o)
                0x08008cc6                _Bfree
 .text.__multadd
                0x08008cf4       0x7c c:/program files (x86)/atollic/truestudio stm32 lite 2.1.0/armtools/bin/../lib/gcc/arm-atollic-eabi/4.5.1/../../../../arm-atollic-eabi/lib/thumb/thumb2\libc.a(lib_a-mprec.o)
                0x08008cf4                __multadd
 .text.__hi0bits
                0x08008d70       0x40 c:/program files (x86)/atollic/truestudio stm32 lite 2.1.0/armtools/bin/../lib/gcc/arm-atollic-eabi/4.5.1/../../../../arm-atollic-eabi/lib/thumb/thumb2\libc.a(lib_a-mprec.o)
                0x08008d70                __hi0bits
 .text.__lo0bits
                0x08008db0       0x64 c:/program files (x86)/atollic/truestudio stm32 lite 2.1.0/armtools/bin/../lib/gcc/arm-atollic-eabi/4.5.1/../../../../arm-atollic-eabi/lib/thumb/thumb2\libc.a(lib_a-mprec.o)
                0x08008db0                __lo0bits
 .text.__i2b    0x08008e14       0x12 c:/program files (x86)/atollic/truestudio stm32 lite 2.1.0/armtools/bin/../lib/gcc/arm-atollic-eabi/4.5.1/../../../../arm-atollic-eabi/lib/thumb/thumb2\libc.a(lib_a-mprec.o)
                0x08008e14                __i2b
 .text.__multiply
                0x08008e26      0x124 c:/program files (x86)/atollic/truestudio stm32 lite 2.1.0/armtools/bin/../lib/gcc/arm-atollic-eabi/4.5.1/../../../../arm-atollic-eabi/lib/thumb/thumb2\libc.a(lib_a-mprec.o)
                0x08008e26                __multiply
 *fill*         0x08008f4a        0x2 00
 .text.__pow5mult
                0x08008f4c       0xa4 c:/program files (x86)/atollic/truestudio stm32 lite 2.1.0/armtools/bin/../lib/gcc/arm-atollic-eabi/4.5.1/../../../../arm-atollic-eabi/lib/thumb/thumb2\libc.a(lib_a-mprec.o)
                0x08008f4c                __pow5mult
 .text.__lshift
                0x08008ff0       0x98 c:/program files (x86)/atollic/truestudio stm32 lite 2.1.0/armtools/bin/../lib/gcc/arm-atollic-eabi/4.5.1/../../../../arm-atollic-eabi/lib/thumb/thumb2\libc.a(lib_a-mprec.o)
                0x08008ff0                __lshift
 .text.__mcmp   0x08009088       0x3a c:/program files (x86)/atollic/truestudio stm32 lite 2.1.0/armtools/bin/../lib/gcc/arm-atollic-eabi/4.5.1/../../../../arm-atollic-eabi/lib/thumb/thumb2\libc.a(lib_a-mprec.o)
                0x08009088                __mcmp
 .text.__mdiff  0x080090c2       0xc6 c:/program files (x86)/atollic/truestudio stm32 lite 2.1.0/armtools/bin/../lib/gcc/arm-atollic-eabi/4.5.1/../../../../arm-atollic-eabi/lib/thumb/thumb2\libc.a(lib_a-mprec.o)
                0x080090c2                __mdiff
 .text.__d2b    0x08009188       0xbc c:/program files (x86)/atollic/truestudio stm32 lite 2.1.0/armtools/bin/../lib/gcc/arm-atollic-eabi/4.5.1/../../../../arm-atollic-eabi/lib/thumb/thumb2\libc.a(lib_a-mprec.o)
                0x08009188                __d2b
 .text._sbrk_r  0x08009244       0x24 c:/program files (x86)/atollic/truestudio stm32 lite 2.1.0/armtools/bin/../lib/gcc/arm-atollic-eabi/4.5.1/../../../../arm-atollic-eabi/lib/thumb/thumb2\libc.a(lib_a-sbrkr.o)
                0x08009244                _sbrk_r
 .text.__fpclassifyd
                0x08009268       0x64 c:/program files (x86)/atollic/truestudio stm32 lite 2.1.0/armtools/bin/../lib/gcc/arm-atollic-eabi/4.5.1/../../../../arm-atollic-eabi/lib/thumb/thumb2\libc.a(lib_a-s_fpclassify.o)
                0x08009268                __fpclassifyd
 .text.strlen   0x080092cc       0x10 c:/program files (x86)/atollic/truestudio stm32 lite 2.1.0/armtools/bin/../lib/gcc/arm-atollic-eabi/4.5.1/../../../../arm-atollic-eabi/lib/thumb/thumb2\libc.a(lib_a-strlen.o)
                0x080092cc                strlen
 .text.__ssprint_r
                0x080092dc       0xf6 c:/program files (x86)/atollic/truestudio stm32 lite 2.1.0/armtools/bin/../lib/gcc/arm-atollic-eabi/4.5.1/../../../../arm-atollic-eabi/lib/thumb/thumb2\libc.a(lib_a-svfiprintf.o)
                0x080092dc                __ssprint_r
 *fill*         0x080093d2        0x2 00
 .text._sbrk    0x080093d4       0x34 c:/program files (x86)/atollic/truestudio stm32 lite 2.1.0/armtools/bin/../lib/gcc/arm-atollic-eabi/4.5.1/../../../../arm-atollic-eabi/lib/thumb/thumb2\libc.a(lib_a-syscalls.o)
                0x080093d4                _sbrk
 .text._calloc_r
                0x08009408       0x58 c:/program files (x86)/atollic/truestudio stm32 lite 2.1.0/armtools/bin/../lib/gcc/arm-atollic-eabi/4.5.1/../../../../arm-atollic-eabi/lib/thumb/thumb2\libc.a(lib_a-callocr.o)
                0x08009408                _calloc_r
 .text._malloc_trim_r
                0x08009460       0xac c:/program files (x86)/atollic/truestudio stm32 lite 2.1.0/armtools/bin/../lib/gcc/arm-atollic-eabi/4.5.1/../../../../arm-atollic-eabi/lib/thumb/thumb2\libc.a(lib_a-freer.o)
                0x08009460                _malloc_trim_r
 .text._free_r  0x0800950c      0x180 c:/program files (x86)/atollic/truestudio stm32 lite 2.1.0/armtools/bin/../lib/gcc/arm-atollic-eabi/4.5.1/../../../../arm-atollic-eabi/lib/thumb/thumb2\libc.a(lib_a-freer.o)
                0x0800950c                _free_r
 .text.memmove  0x0800968c       0x34 c:/program files (x86)/atollic/truestudio stm32 lite 2.1.0/armtools/bin/../lib/gcc/arm-atollic-eabi/4.5.1/../../../../arm-atollic-eabi/lib/thumb/thumb2\libc.a(lib_a-memmove.o)
                0x0800968c                memmove
 .text.memset   0x080096c0       0x12 c:/program files (x86)/atollic/truestudio stm32 lite 2.1.0/armtools/bin/../lib/gcc/arm-atollic-eabi/4.5.1/../../../../arm-atollic-eabi/lib/thumb/thumb2\libc.a(lib_a-memset.o)
                0x080096c0                memset
 *fill*         0x080096d2        0x2 00
 .text._realloc_r
                0x080096d4      0x2f8 c:/program files (x86)/atollic/truestudio stm32 lite 2.1.0/armtools/bin/../lib/gcc/arm-atollic-eabi/4.5.1/../../../../arm-atollic-eabi/lib/thumb/thumb2\libc.a(lib_a-reallocr.o)
                0x080096d4                _realloc_r
 .text.sin      0x080099cc       0x8c c:/program files (x86)/atollic/truestudio stm32 lite 2.1.0/armtools/bin/../lib/gcc/arm-atollic-eabi/4.5.1/../../../../arm-atollic-eabi/lib/thumb/thumb2\libm.a(lib_a-s_sin.o)
                0x080099cc                sin
 .text.__ieee754_rem_pio2
                0x08009a58      0x408 c:/program files (x86)/atollic/truestudio stm32 lite 2.1.0/armtools/bin/../lib/gcc/arm-atollic-eabi/4.5.1/../../../../arm-atollic-eabi/lib/thumb/thumb2\libm.a(lib_a-e_rem_pio2.o)
                0x08009a58                __ieee754_rem_pio2
 .text.__kernel_cos
                0x08009e60      0x1d8 c:/program files (x86)/atollic/truestudio stm32 lite 2.1.0/armtools/bin/../lib/gcc/arm-atollic-eabi/4.5.1/../../../../arm-atollic-eabi/lib/thumb/thumb2\libm.a(lib_a-k_cos.o)
                0x08009e60                __kernel_cos
 .text.__kernel_rem_pio2
                0x0800a038      0x6cc c:/program files (x86)/atollic/truestudio stm32 lite 2.1.0/armtools/bin/../lib/gcc/arm-atollic-eabi/4.5.1/../../../../arm-atollic-eabi/lib/thumb/thumb2\libm.a(lib_a-k_rem_pio2.o)
                0x0800a038                __kernel_rem_pio2
 *fill*         0x0800a704        0x4 00
 .text.__kernel_sin
                0x0800a708      0x180 c:/program files (x86)/atollic/truestudio stm32 lite 2.1.0/armtools/bin/../lib/gcc/arm-atollic-eabi/4.5.1/../../../../arm-atollic-eabi/lib/thumb/thumb2\libm.a(lib_a-k_sin.o)
                0x0800a708                __kernel_sin
 .text.fabs     0x0800a888        0x6 c:/program files (x86)/atollic/truestudio stm32 lite 2.1.0/armtools/bin/../lib/gcc/arm-atollic-eabi/4.5.1/../../../../arm-atollic-eabi/lib/thumb/thumb2\libm.a(lib_a-s_fabs.o)
                0x0800a888                fabs
 *fill*         0x0800a88e        0x2 00
 .text.floor    0x0800a890      0x108 c:/program files (x86)/atollic/truestudio stm32 lite 2.1.0/armtools/bin/../lib/gcc/arm-atollic-eabi/4.5.1/../../../../arm-atollic-eabi/lib/thumb/thumb2\libm.a(lib_a-s_floor.o)
                0x0800a890                floor
 .text.scalbn   0x0800a998       0xf8 c:/program files (x86)/atollic/truestudio stm32 lite 2.1.0/armtools/bin/../lib/gcc/arm-atollic-eabi/4.5.1/../../../../arm-atollic-eabi/lib/thumb/thumb2\libm.a(lib_a-s_scalbn.o)
                0x0800a998                scalbn
 .text.copysign
                0x0800aa90       0x14 c:/program files (x86)/atollic/truestudio stm32 lite 2.1.0/armtools/bin/../lib/gcc/arm-atollic-eabi/4.5.1/../../../../arm-atollic-eabi/lib/thumb/thumb2\libm.a(lib_a-s_copysign.o)
                0x0800aa90                copysign
 *(.rodata)
 .rodata        0x0800aaa4       0x88 src\main.o
 .rodata        0x0800ab2c       0xd4 src\accel.o
 *(.rodata*)
 .rodata.logo_image
                0x0800ac00     0x1c20 src\main.o
                0x0800ac00                logo_image
 .rodata.newGame_image
                0x0800c820     0x73f4 src\main.o
                0x0800c820                newGame_image
 .rodata.accelData_image
                0x08013c14     0x73f4 src\main.o
                0x08013c14                accelData_image
 .rodata.GPIO_PIN
                0x0801b008        0x8 Utilities\STM32_EVAL\STM3210C_EVAL\stm3210c_eval.o
                0x0801b008                GPIO_PIN
 .rodata.GPIO_CLK
                0x0801b010       0x10 Utilities\STM32_EVAL\STM3210C_EVAL\stm3210c_eval.o
                0x0801b010                GPIO_CLK
 .rodata.BUTTON_PIN
                0x0801b020        0x8 Utilities\STM32_EVAL\STM3210C_EVAL\stm3210c_eval.o
                0x0801b020                BUTTON_PIN
 .rodata.BUTTON_CLK
                0x0801b028        0xc Utilities\STM32_EVAL\STM3210C_EVAL\stm3210c_eval.o
                0x0801b028                BUTTON_CLK
 .rodata.BUTTON_EXTI_LINE
                0x0801b034        0x8 Utilities\STM32_EVAL\STM3210C_EVAL\stm3210c_eval.o
                0x0801b034                BUTTON_EXTI_LINE
 .rodata.BUTTON_PORT_SOURCE
                0x0801b03c        0x8 Utilities\STM32_EVAL\STM3210C_EVAL\stm3210c_eval.o
                0x0801b03c                BUTTON_PORT_SOURCE
 .rodata.BUTTON_PIN_SOURCE
                0x0801b044        0x8 Utilities\STM32_EVAL\STM3210C_EVAL\stm3210c_eval.o
                0x0801b044                BUTTON_PIN_SOURCE
 .rodata.BUTTON_IRQn
                0x0801b04c        0x8 Utilities\STM32_EVAL\STM3210C_EVAL\stm3210c_eval.o
                0x0801b04c                BUTTON_IRQn
 .rodata.ascii_8x16
                0x0801b054      0xc00 Utilities\STM32_EVAL\Common\fonts.o
                0x0801b054                ascii_8x16
 .rodata.str1.1
                0x0801bc54       0x34 c:/program files (x86)/atollic/truestudio stm32 lite 2.1.0/armtools/bin/../lib/gcc/arm-atollic-eabi/4.5.1/../../../../arm-atollic-eabi/lib/thumb/thumb2\libc.a(lib_a-svfprintf.o)
 .rodata.zeroes.3939
                0x0801bc88       0x10 c:/program files (x86)/atollic/truestudio stm32 lite 2.1.0/armtools/bin/../lib/gcc/arm-atollic-eabi/4.5.1/../../../../arm-atollic-eabi/lib/thumb/thumb2\libc.a(lib_a-svfprintf.o)
 .rodata.blanks.3938
                0x0801bc98       0x10 c:/program files (x86)/atollic/truestudio stm32 lite 2.1.0/armtools/bin/../lib/gcc/arm-atollic-eabi/4.5.1/../../../../arm-atollic-eabi/lib/thumb/thumb2\libc.a(lib_a-svfprintf.o)
 .rodata.str1.1
                0x0801bca8        0xd c:/program files (x86)/atollic/truestudio stm32 lite 2.1.0/armtools/bin/../lib/gcc/arm-atollic-eabi/4.5.1/../../../../arm-atollic-eabi/lib/thumb/thumb2\libc.a(lib_a-dtoa.o)
                                  0xf (size before relaxing)
 .rodata.str1.1
                0x0801bcb5        0x2 c:/program files (x86)/atollic/truestudio stm32 lite 2.1.0/armtools/bin/../lib/gcc/arm-atollic-eabi/4.5.1/../../../../arm-atollic-eabi/lib/thumb/thumb2\libc.a(lib_a-impure.o)
 .rodata.str1.1
                0x0801bcb7        0x8 c:/program files (x86)/atollic/truestudio stm32 lite 2.1.0/armtools/bin/../lib/gcc/arm-atollic-eabi/4.5.1/../../../../arm-atollic-eabi/lib/thumb/thumb2\libc.a(lib_a-locale.o)
                                  0xb (size before relaxing)
 *fill*         0x0801bcbf        0x1 00
 .rodata.p05.2464
                0x0801bcc0        0xc c:/program files (x86)/atollic/truestudio stm32 lite 2.1.0/armtools/bin/../lib/gcc/arm-atollic-eabi/4.5.1/../../../../arm-atollic-eabi/lib/thumb/thumb2\libc.a(lib_a-mprec.o)
 *fill*         0x0801bccc        0x4 00
 .rodata.__mprec_tens
                0x0801bcd0       0xc8 c:/program files (x86)/atollic/truestudio stm32 lite 2.1.0/armtools/bin/../lib/gcc/arm-atollic-eabi/4.5.1/../../../../arm-atollic-eabi/lib/thumb/thumb2\libc.a(lib_a-mprec.o)
                0x0801bcd0                __mprec_tens
 .rodata.__mprec_bigtens
                0x0801bd98       0x28 c:/program files (x86)/atollic/truestudio stm32 lite 2.1.0/armtools/bin/../lib/gcc/arm-atollic-eabi/4.5.1/../../../../arm-atollic-eabi/lib/thumb/thumb2\libc.a(lib_a-mprec.o)
                0x0801bd98                __mprec_bigtens
 .rodata.npio2_hw
                0x0801bdc0       0x80 c:/program files (x86)/atollic/truestudio stm32 lite 2.1.0/armtools/bin/../lib/gcc/arm-atollic-eabi/4.5.1/../../../../arm-atollic-eabi/lib/thumb/thumb2\libm.a(lib_a-e_rem_pio2.o)
 .rodata.two_over_pi
                0x0801be40      0x108 c:/program files (x86)/atollic/truestudio stm32 lite 2.1.0/armtools/bin/../lib/gcc/arm-atollic-eabi/4.5.1/../../../../arm-atollic-eabi/lib/thumb/thumb2\libm.a(lib_a-e_rem_pio2.o)
 .rodata.init_jk
                0x0801bf48       0x10 c:/program files (x86)/atollic/truestudio stm32 lite 2.1.0/armtools/bin/../lib/gcc/arm-atollic-eabi/4.5.1/../../../../arm-atollic-eabi/lib/thumb/thumb2\libm.a(lib_a-k_rem_pio2.o)
 .rodata.PIo2   0x0801bf58       0x40 c:/program files (x86)/atollic/truestudio stm32 lite 2.1.0/armtools/bin/../lib/gcc/arm-atollic-eabi/4.5.1/../../../../arm-atollic-eabi/lib/thumb/thumb2\libm.a(lib_a-k_rem_pio2.o)
 *(.glue_7)
 .glue_7        0x00000000        0x0 linker stubs
 *(.glue_7t)
 .glue_7t       0x00000000        0x0 linker stubs
 *(.eh_frame)
 *(.init)
 .init          0x0801bf98        0x4 c:/program files (x86)/atollic/truestudio stm32 lite 2.1.0/armtools/bin/../lib/gcc/arm-atollic-eabi/4.5.1/thumb/thumb2/crti.o
                0x0801bf98                _init
 .init          0x0801bf9c        0x8 c:/program files (x86)/atollic/truestudio stm32 lite 2.1.0/armtools/bin/../lib/gcc/arm-atollic-eabi/4.5.1/thumb/thumb2/crtn.o
 *(.fini)
 .fini          0x0801bfa4        0x4 c:/program files (x86)/atollic/truestudio stm32 lite 2.1.0/armtools/bin/../lib/gcc/arm-atollic-eabi/4.5.1/thumb/thumb2/crti.o
                0x0801bfa4                _fini
 .fini          0x0801bfa8        0x8 c:/program files (x86)/atollic/truestudio stm32 lite 2.1.0/armtools/bin/../lib/gcc/arm-atollic-eabi/4.5.1/thumb/thumb2/crtn.o
                0x0801bfb0                . = ALIGN (0x4)
                0x0801bfb0                _etext = .

.vfp11_veneer   0x0801bfb0        0x0
 .vfp11_veneer  0x00000000        0x0 linker stubs

.v4_bx          0x0801bfb0        0x0
 .v4_bx         0x00000000        0x0 linker stubs

.ARM.extab
 *(.ARM.extab* .gnu.linkonce.armextab.*)

.ARM            0x0801bfb0        0x8
                0x0801bfb0                __exidx_start = .
 *(.ARM.exidx*)
 .ARM.exidx     0x0801bfb0        0x8 c:/program files (x86)/atollic/truestudio stm32 lite 2.1.0/armtools/bin/../lib/gcc/arm-atollic-eabi/4.5.1/thumb/thumb2\libgcc.a(_divdi3.o)
 .ARM.exidx     0x0801bfb8        0x0 c:/program files (x86)/atollic/truestudio stm32 lite 2.1.0/armtools/bin/../lib/gcc/arm-atollic-eabi/4.5.1/thumb/thumb2\libgcc.a(_udivdi3.o)
                                  0x8 (size before relaxing)
                0x0801bfb8                __exidx_end = .

.preinit_array  0x0801bfb8        0x0
                0x0801bfb8                PROVIDE (__preinit_array_start, .)
 *(.preinit_array*)
                0x0801bfb8                PROVIDE (__preinit_array_end, .)

.init_array     0x0801bfb8        0x4
                0x0801bfb8                PROVIDE (__init_array_start, .)
 *(SORT(.init_array.*))
 *(.init_array*)
 .init_array    0x0801bfb8        0x4 c:/program files (x86)/atollic/truestudio stm32 lite 2.1.0/armtools/bin/../lib/gcc/arm-atollic-eabi/4.5.1/thumb/thumb2/crtbegin.o
                0x0801bfbc                PROVIDE (__init_array_end, .)

.fini_array     0x0801bfbc        0x4
                0x0801bfbc                PROVIDE (__fini_array_start, .)
 *(.fini_array*)
 .fini_array    0x0801bfbc        0x4 c:/program files (x86)/atollic/truestudio stm32 lite 2.1.0/armtools/bin/../lib/gcc/arm-atollic-eabi/4.5.1/thumb/thumb2/crtbegin.o
 *(SORT(.fini_array.*))
                0x0801bfc0                PROVIDE (__fini_array_end, .)
                0x0801bfc0                _sidata = .

.data           0x20000000      0x58c load address 0x0801bfc0
                0x20000000                . = ALIGN (0x4)
                0x20000000                _sdata = .
 *(.data)
 *(.data*)
 .data.SystemCoreClock
                0x20000000        0x4 src\system_stm32f10x.o
                0x20000000                SystemCoreClock
 .data.g        0x20000004        0x4 src\physix_m.o
                0x20000004                g
 .data.rebound  0x20000008        0x4 src\physix_m.o
                0x20000008                rebound
 .data.BackColor
                0x2000000c        0x2 Utilities\STM32_EVAL\STM3210C_EVAL\stm3210c_eval_lcd.o
 *fill*         0x2000000e        0x2 00
 .data.IOE_TimeOut
                0x20000010        0x4 Utilities\STM32_EVAL\STM3210C_EVAL\stm3210c_eval_ioe.o
                0x20000010                IOE_TimeOut
 .data.GPIO_PORT
                0x20000014       0x10 Utilities\STM32_EVAL\STM3210C_EVAL\stm3210c_eval.o
                0x20000014                GPIO_PORT
 .data.BUTTON_PORT
                0x20000024        0xc Utilities\STM32_EVAL\STM3210C_EVAL\stm3210c_eval.o
                0x20000024                BUTTON_PORT
 .data.sEETimeout
                0x20000030        0x4 Utilities\STM32_EVAL\Common\stm32_eval_i2c_ee.o
                0x20000030                sEETimeout
 .data.Font8x16
                0x20000034        0x8 Utilities\STM32_EVAL\Common\fonts.o
                0x20000034                Font8x16
 .data.APBAHBPrescTable
                0x2000003c       0x10 Libraries\STM32F10x_StdPeriph_Driver\src\stm32f10x_rcc.o
 .data.ADCPrescTable
                0x2000004c        0x4 Libraries\STM32F10x_StdPeriph_Driver\src\stm32f10x_rcc.o
 .data.impure_data
                0x20000050       0xf0 c:/program files (x86)/atollic/truestudio stm32 lite 2.1.0/armtools/bin/../lib/gcc/arm-atollic-eabi/4.5.1/../../../../arm-atollic-eabi/lib/thumb/thumb2\libc.a(lib_a-impure.o)
 .data._impure_ptr
                0x20000140        0x4 c:/program files (x86)/atollic/truestudio stm32 lite 2.1.0/armtools/bin/../lib/gcc/arm-atollic-eabi/4.5.1/../../../../arm-atollic-eabi/lib/thumb/thumb2\libc.a(lib_a-impure.o)
                0x20000140                _impure_ptr
 .data.lconv    0x20000144       0x38 c:/program files (x86)/atollic/truestudio stm32 lite 2.1.0/armtools/bin/../lib/gcc/arm-atollic-eabi/4.5.1/../../../../arm-atollic-eabi/lib/thumb/thumb2\libc.a(lib_a-locale.o)
 .data.__malloc_av_
                0x2000017c      0x408 c:/program files (x86)/atollic/truestudio stm32 lite 2.1.0/armtools/bin/../lib/gcc/arm-atollic-eabi/4.5.1/../../../../arm-atollic-eabi/lib/thumb/thumb2\libc.a(lib_a-mallocr.o)
                0x2000017c                __malloc_av_
 .data.__malloc_trim_threshold
                0x20000584        0x4 c:/program files (x86)/atollic/truestudio stm32 lite 2.1.0/armtools/bin/../lib/gcc/arm-atollic-eabi/4.5.1/../../../../arm-atollic-eabi/lib/thumb/thumb2\libc.a(lib_a-mallocr.o)
                0x20000584                __malloc_trim_threshold
 .data.__malloc_sbrk_base
                0x20000588        0x4 c:/program files (x86)/atollic/truestudio stm32 lite 2.1.0/armtools/bin/../lib/gcc/arm-atollic-eabi/4.5.1/../../../../arm-atollic-eabi/lib/thumb/thumb2\libc.a(lib_a-mallocr.o)
                0x20000588                __malloc_sbrk_base
                0x2000058c                . = ALIGN (0x4)
                0x2000058c                _edata = .

.jcr            0x2000058c        0x0 load address 0x0801c54c
 .jcr           0x2000058c        0x0 c:/program files (x86)/atollic/truestudio stm32 lite 2.1.0/armtools/bin/../lib/gcc/arm-atollic-eabi/4.5.1/thumb/thumb2/crtbegin.o
                0x2000058c                . = ALIGN (0x4)

.bss            0x2000058c       0xd0 load address 0x0801c54c
                0x2000058c                _sbss = .
                0x2000058c                __bss_start__ = _sbss
 *(.bss)
 .bss           0x2000058c        0x1 c:/program files (x86)/atollic/truestudio stm32 lite 2.1.0/armtools/bin/../lib/gcc/arm-atollic-eabi/4.5.1/thumb/thumb2/crtbegin.o
 *(.bss*)
 *fill*         0x2000058d        0x3 00
 .bss.v0_x      0x20000590        0x4 src\physix_m.o
                0x20000590                v0_x
 .bss.v0_y      0x20000594        0x4 src\physix_m.o
                0x20000594                v0_y
 .bss.alpha_x   0x20000598        0x4 src\physix_m.o
                0x20000598                alpha_x
 .bss.alpha_y   0x2000059c        0x4 src\physix_m.o
                0x2000059c                alpha_y
 .bss.Timing    0x200005a0        0x4 src\main.o
 .bss.gameStatus
                0x200005a4        0x1 src\main.o
                0x200005a4                gameStatus
 *fill*         0x200005a5        0x1 00
 .bss.Xold      0x200005a6        0x2 src\drawing.o
 .bss.Yold      0x200005a8        0x2 src\drawing.o
 .bss.memsData  0x200005aa        0x1 src\accel.o
 *fill*         0x200005ab        0x1 00
 .bss.revid     0x200005ac        0x4 src\accel.o
 .bss.devid     0x200005b0        0x4 src\accel.o
 .bss.lastX     0x200005b4        0xc src\accel.o
 .bss.lastY     0x200005c0        0xc src\accel.o
 .bss.lastZ     0x200005cc        0xc src\accel.o
 .bss.cntX      0x200005d8        0x1 src\accel.o
 .bss.cntY      0x200005d9        0x1 src\accel.o
 .bss.cntZ      0x200005da        0x1 src\accel.o
 *fill*         0x200005db        0x1 00
 .bss.TextColor
                0x200005dc        0x2 Utilities\STM32_EVAL\STM3210C_EVAL\stm3210c_eval_lcd.o
 *fill*         0x200005de        0x2 00
 .bss._x.3802   0x200005e0        0x4 Utilities\STM32_EVAL\STM3210C_EVAL\stm3210c_eval_ioe.o
 .bss._y.3803   0x200005e4        0x4 Utilities\STM32_EVAL\STM3210C_EVAL\stm3210c_eval_ioe.o
 .bss.__malloc_max_total_mem
                0x200005e8        0x4 c:/program files (x86)/atollic/truestudio stm32 lite 2.1.0/armtools/bin/../lib/gcc/arm-atollic-eabi/4.5.1/../../../../arm-atollic-eabi/lib/thumb/thumb2\libc.a(lib_a-mallocr.o)
                0x200005e8                __malloc_max_total_mem
 .bss.__malloc_max_sbrked_mem
                0x200005ec        0x4 c:/program files (x86)/atollic/truestudio stm32 lite 2.1.0/armtools/bin/../lib/gcc/arm-atollic-eabi/4.5.1/../../../../arm-atollic-eabi/lib/thumb/thumb2\libc.a(lib_a-mallocr.o)
                0x200005ec                __malloc_max_sbrked_mem
 .bss.__malloc_top_pad
                0x200005f0        0x4 c:/program files (x86)/atollic/truestudio stm32 lite 2.1.0/armtools/bin/../lib/gcc/arm-atollic-eabi/4.5.1/../../../../arm-atollic-eabi/lib/thumb/thumb2\libc.a(lib_a-mallocr.o)
                0x200005f0                __malloc_top_pad
 .bss.__malloc_current_mallinfo
                0x200005f4       0x28 c:/program files (x86)/atollic/truestudio stm32 lite 2.1.0/armtools/bin/../lib/gcc/arm-atollic-eabi/4.5.1/../../../../arm-atollic-eabi/lib/thumb/thumb2\libc.a(lib_a-mallocr.o)
                0x200005f4                __malloc_current_mallinfo
 .bss.heap_end.2323
                0x2000061c        0x4 c:/program files (x86)/atollic/truestudio stm32 lite 2.1.0/armtools/bin/../lib/gcc/arm-atollic-eabi/4.5.1/../../../../arm-atollic-eabi/lib/thumb/thumb2\libc.a(lib_a-syscalls.o)
 *(COMMON)
 COMMON         0x20000620        0x8 src\physix_m.o
                0x20000620                a_y
                0x20000624                a_x
 COMMON         0x20000628       0x16 src\accel.o
                0x20000628                memsX
                0x2000062c                I2C_InitStructure
                0x2000063c                memsY
                0x2000063d                memsZ
 *fill*         0x2000063e        0x2 00
 COMMON         0x20000640        0x4 Utilities\STM32_EVAL\STM3210C_EVAL\stm3210c_eval_lcd.o
                0x20000640                LCD_Currentfonts
 COMMON         0x20000644        0x8 Utilities\STM32_EVAL\STM3210C_EVAL\stm3210c_eval_ioe.o
                0x20000644                TS_State
 COMMON         0x2000064c        0xc Utilities\STM32_EVAL\Common\stm32_eval_i2c_ee.o
                0x2000064c                sEEDataWritePointer
                0x20000650                sEEDataNum
                0x20000654                sEEDataReadPointer
 COMMON         0x20000658        0x4 c:/program files (x86)/atollic/truestudio stm32 lite 2.1.0/armtools/bin/../lib/gcc/arm-atollic-eabi/4.5.1/../../../../arm-atollic-eabi/lib/thumb/thumb2\libc.a(lib_a-reent.o)
                0x20000658                errno
                0x2000065c                . = ALIGN (0x4)
                0x2000065c                _ebss = .
                0x2000065c                __bss_end__ = _ebss

._user_heap_stack
                0x2000065c      0x200 load address 0x0801c61c
                0x2000065c                . = ALIGN (0x4)
                0x2000065c                PROVIDE (end, .)
                0x2000065c                PROVIDE (_end, .)
                0x2000065c                . = (. + _Min_Heap_Size)
                0x2000085c                . = (. + _Min_Stack_Size)
 *fill*         0x2000065c      0x200 00
                0x2000085c                . = ALIGN (0x4)

.memory_b1_text
 *(.mb1text)
 *(.mb1text*)
 *(.mb1rodata)
 *(.mb1rodata*)

/DISCARD/
 libc.a(*)
 libm.a(*)
 libgcc.a(*)

.ARM.attributes
                0x00000000       0x25
 *(.ARM.attributes)
 .ARM.attributes
                0x00000000       0x19 c:/program files (x86)/atollic/truestudio stm32 lite 2.1.0/armtools/bin/../lib/gcc/arm-atollic-eabi/4.5.1/thumb/thumb2/crti.o
 .ARM.attributes
                0x00000019       0x29 c:/program files (x86)/atollic/truestudio stm32 lite 2.1.0/armtools/bin/../lib/gcc/arm-atollic-eabi/4.5.1/thumb/thumb2/crtbegin.o
 .ARM.attributes
                0x00000042       0x31 src\system_stm32f10x.o
 .ARM.attributes
                0x00000073       0x31 src\stm32f10x_it.o
 .ARM.attributes
                0x000000a4       0x31 src\stm32_mems_adapter.o
 .ARM.attributes
                0x000000d5       0x31 src\physix_m.o
 .ARM.attributes
                0x00000106       0x31 src\main.o
 .ARM.attributes
                0x00000137       0x31 src\drawing.o
 .ARM.attributes
                0x00000168       0x31 src\accel.o
 .ARM.attributes
                0x00000199       0x31 Utilities\STM32_EVAL\STM3210C_EVAL\stm3210c_eval_lcd.o
 .ARM.attributes
                0x000001ca       0x31 Utilities\STM32_EVAL\STM3210C_EVAL\stm3210c_eval_ioe.o
 .ARM.attributes
                0x000001fb       0x31 Utilities\STM32_EVAL\STM3210C_EVAL\stm3210c_eval.o
 .ARM.attributes
                0x0000022c       0x31 Utilities\STM32_EVAL\Common\stm32_eval_spi_sd.o
 .ARM.attributes
                0x0000025d       0x31 Utilities\STM32_EVAL\Common\stm32_eval_i2c_ee.o
 .ARM.attributes
                0x0000028e       0x31 Utilities\STM32_EVAL\Common\fonts.o
 .ARM.attributes
                0x000002bf       0x31 Libraries\STM32F10x_StdPeriph_Driver\src\stm32f10x_wwdg.o
 .ARM.attributes
                0x000002f0       0x31 Libraries\STM32F10x_StdPeriph_Driver\src\stm32f10x_usart.o
 .ARM.attributes
                0x00000321       0x31 Libraries\STM32F10x_StdPeriph_Driver\src\stm32f10x_tim.o
 .ARM.attributes
                0x00000352       0x31 Libraries\STM32F10x_StdPeriph_Driver\src\stm32f10x_spi.o
 .ARM.attributes
                0x00000383       0x31 Libraries\STM32F10x_StdPeriph_Driver\src\stm32f10x_sdio.o
 .ARM.attributes
                0x000003b4       0x31 Libraries\STM32F10x_StdPeriph_Driver\src\stm32f10x_rtc.o
 .ARM.attributes
                0x000003e5       0x31 Libraries\STM32F10x_StdPeriph_Driver\src\stm32f10x_rcc.o
 .ARM.attributes
                0x00000416       0x31 Libraries\STM32F10x_StdPeriph_Driver\src\stm32f10x_pwr.o
 .ARM.attributes
                0x00000447       0x31 Libraries\STM32F10x_StdPeriph_Driver\src\stm32f10x_iwdg.o
 .ARM.attributes
                0x00000478       0x31 Libraries\STM32F10x_StdPeriph_Driver\src\stm32f10x_i2c.o
 .ARM.attributes
                0x000004a9       0x31 Libraries\STM32F10x_StdPeriph_Driver\src\stm32f10x_gpio.o
 .ARM.attributes
                0x000004da       0x31 Libraries\STM32F10x_StdPeriph_Driver\src\stm32f10x_fsmc.o
 .ARM.attributes
                0x0000050b       0x31 Libraries\STM32F10x_StdPeriph_Driver\src\stm32f10x_flash.o
 .ARM.attributes
                0x0000053c       0x31 Libraries\STM32F10x_StdPeriph_Driver\src\stm32f10x_exti.o
 .ARM.attributes
                0x0000056d       0x31 Libraries\STM32F10x_StdPeriph_Driver\src\stm32f10x_dma.o
 .ARM.attributes
                0x0000059e       0x31 Libraries\STM32F10x_StdPeriph_Driver\src\stm32f10x_dbgmcu.o
 .ARM.attributes
                0x000005cf       0x31 Libraries\STM32F10x_StdPeriph_Driver\src\stm32f10x_dac.o
 .ARM.attributes
                0x00000600       0x31 Libraries\STM32F10x_StdPeriph_Driver\src\stm32f10x_crc.o
 .ARM.attributes
                0x00000631       0x31 Libraries\STM32F10x_StdPeriph_Driver\src\stm32f10x_cec.o
 .ARM.attributes
                0x00000662       0x31 Libraries\STM32F10x_StdPeriph_Driver\src\stm32f10x_can.o
 .ARM.attributes
                0x00000693       0x31 Libraries\STM32F10x_StdPeriph_Driver\src\stm32f10x_bkp.o
 .ARM.attributes
                0x000006c4       0x31 Libraries\STM32F10x_StdPeriph_Driver\src\stm32f10x_adc.o
 .ARM.attributes
                0x000006f5       0x31 Libraries\STM32F10x_StdPeriph_Driver\src\misc.o
 .ARM.attributes
                0x00000726       0x21 Libraries\CMSIS\CM3\DeviceSupport\ST\STM32F10x\startup\TrueSTUDIO\startup_stm32f10x_cl.o
 .ARM.attributes
                0x00000747       0x31 Libraries\CMSIS\CM3\CoreSupport\core_cm3.o
 .ARM.attributes
                0x00000778       0x1b c:/program files (x86)/atollic/truestudio stm32 lite 2.1.0/armtools/bin/../lib/gcc/arm-atollic-eabi/4.5.1/thumb/thumb2\libgcc.a(_arm_addsubdf3.o)
 .ARM.attributes
                0x00000793       0x1b c:/program files (x86)/atollic/truestudio stm32 lite 2.1.0/armtools/bin/../lib/gcc/arm-atollic-eabi/4.5.1/thumb/thumb2\libgcc.a(_arm_muldivdf3.o)
 .ARM.attributes
                0x000007ae       0x1b c:/program files (x86)/atollic/truestudio stm32 lite 2.1.0/armtools/bin/../lib/gcc/arm-atollic-eabi/4.5.1/thumb/thumb2\libgcc.a(_arm_cmpdf2.o)
 .ARM.attributes
                0x000007c9       0x1b c:/program files (x86)/atollic/truestudio stm32 lite 2.1.0/armtools/bin/../lib/gcc/arm-atollic-eabi/4.5.1/thumb/thumb2\libgcc.a(_arm_fixdfsi.o)
 .ARM.attributes
                0x000007e4       0x1b c:/program files (x86)/atollic/truestudio stm32 lite 2.1.0/armtools/bin/../lib/gcc/arm-atollic-eabi/4.5.1/thumb/thumb2\libgcc.a(_arm_truncdfsf2.o)
 .ARM.attributes
                0x000007ff       0x1b c:/program files (x86)/atollic/truestudio stm32 lite 2.1.0/armtools/bin/../lib/gcc/arm-atollic-eabi/4.5.1/thumb/thumb2\libgcc.a(_arm_addsubsf3.o)
 .ARM.attributes
                0x0000081a       0x1b c:/program files (x86)/atollic/truestudio stm32 lite 2.1.0/armtools/bin/../lib/gcc/arm-atollic-eabi/4.5.1/thumb/thumb2\libgcc.a(_arm_muldivsf3.o)
 .ARM.attributes
                0x00000835       0x1b c:/program files (x86)/atollic/truestudio stm32 lite 2.1.0/armtools/bin/../lib/gcc/arm-atollic-eabi/4.5.1/thumb/thumb2\libgcc.a(_arm_fixsfsi.o)
 .ARM.attributes
                0x00000850       0x1b c:/program files (x86)/atollic/truestudio stm32 lite 2.1.0/armtools/bin/../lib/gcc/arm-atollic-eabi/4.5.1/thumb/thumb2\libgcc.a(_arm_fixunssfsi.o)
 .ARM.attributes
                0x0000086b       0x29 c:/program files (x86)/atollic/truestudio stm32 lite 2.1.0/armtools/bin/../lib/gcc/arm-atollic-eabi/4.5.1/../../../../arm-atollic-eabi/lib/thumb/thumb2\libc.a(lib_a-init.o)
 .ARM.attributes
                0x00000894       0x29 c:/program files (x86)/atollic/truestudio stm32 lite 2.1.0/armtools/bin/../lib/gcc/arm-atollic-eabi/4.5.1/../../../../arm-atollic-eabi/lib/thumb/thumb2\libc.a(lib_a-sprintf.o)
 .ARM.attributes
                0x000008bd       0x29 c:/program files (x86)/atollic/truestudio stm32 lite 2.1.0/armtools/bin/../lib/gcc/arm-atollic-eabi/4.5.1/../../../../arm-atollic-eabi/lib/thumb/thumb2\libc.a(lib_a-svfprintf.o)
 .ARM.attributes
                0x000008e6       0x29 c:/program files (x86)/atollic/truestudio stm32 lite 2.1.0/armtools/bin/../lib/gcc/arm-atollic-eabi/4.5.1/../../../../arm-atollic-eabi/lib/thumb/thumb2\libc.a(lib_a-dtoa.o)
 .ARM.attributes
                0x0000090f       0x29 c:/program files (x86)/atollic/truestudio stm32 lite 2.1.0/armtools/bin/../lib/gcc/arm-atollic-eabi/4.5.1/../../../../arm-atollic-eabi/lib/thumb/thumb2\libc.a(lib_a-impure.o)
 .ARM.attributes
                0x00000938       0x29 c:/program files (x86)/atollic/truestudio stm32 lite 2.1.0/armtools/bin/../lib/gcc/arm-atollic-eabi/4.5.1/../../../../arm-atollic-eabi/lib/thumb/thumb2\libc.a(lib_a-locale.o)
 .ARM.attributes
                0x00000961       0x29 c:/program files (x86)/atollic/truestudio stm32 lite 2.1.0/armtools/bin/../lib/gcc/arm-atollic-eabi/4.5.1/../../../../arm-atollic-eabi/lib/thumb/thumb2\libc.a(lib_a-malloc.o)
 .ARM.attributes
                0x0000098a       0x29 c:/program files (x86)/atollic/truestudio stm32 lite 2.1.0/armtools/bin/../lib/gcc/arm-atollic-eabi/4.5.1/../../../../arm-atollic-eabi/lib/thumb/thumb2\libc.a(lib_a-mallocr.o)
 .ARM.attributes
                0x000009b3       0x29 c:/program files (x86)/atollic/truestudio stm32 lite 2.1.0/armtools/bin/../lib/gcc/arm-atollic-eabi/4.5.1/../../../../arm-atollic-eabi/lib/thumb/thumb2\libc.a(lib_a-memchr.o)
 .ARM.attributes
                0x000009dc       0x29 c:/program files (x86)/atollic/truestudio stm32 lite 2.1.0/armtools/bin/../lib/gcc/arm-atollic-eabi/4.5.1/../../../../arm-atollic-eabi/lib/thumb/thumb2\libc.a(lib_a-memcpy.o)
 .ARM.attributes
                0x00000a05       0x29 c:/program files (x86)/atollic/truestudio stm32 lite 2.1.0/armtools/bin/../lib/gcc/arm-atollic-eabi/4.5.1/../../../../arm-atollic-eabi/lib/thumb/thumb2\libc.a(lib_a-mlock.o)
 .ARM.attributes
                0x00000a2e       0x29 c:/program files (x86)/atollic/truestudio stm32 lite 2.1.0/armtools/bin/../lib/gcc/arm-atollic-eabi/4.5.1/../../../../arm-atollic-eabi/lib/thumb/thumb2\libc.a(lib_a-mprec.o)
 .ARM.attributes
                0x00000a57       0x29 c:/program files (x86)/atollic/truestudio stm32 lite 2.1.0/armtools/bin/../lib/gcc/arm-atollic-eabi/4.5.1/../../../../arm-atollic-eabi/lib/thumb/thumb2\libc.a(lib_a-sbrkr.o)
 .ARM.attributes
                0x00000a80       0x29 c:/program files (x86)/atollic/truestudio stm32 lite 2.1.0/armtools/bin/../lib/gcc/arm-atollic-eabi/4.5.1/../../../../arm-atollic-eabi/lib/thumb/thumb2\libc.a(lib_a-s_fpclassify.o)
 .ARM.attributes
                0x00000aa9       0x29 c:/program files (x86)/atollic/truestudio stm32 lite 2.1.0/armtools/bin/../lib/gcc/arm-atollic-eabi/4.5.1/../../../../arm-atollic-eabi/lib/thumb/thumb2\libc.a(lib_a-strcmp.o)
 .ARM.attributes
                0x00000ad2       0x29 c:/program files (x86)/atollic/truestudio stm32 lite 2.1.0/armtools/bin/../lib/gcc/arm-atollic-eabi/4.5.1/../../../../arm-atollic-eabi/lib/thumb/thumb2\libc.a(lib_a-strlen.o)
 .ARM.attributes
                0x00000afb       0x29 c:/program files (x86)/atollic/truestudio stm32 lite 2.1.0/armtools/bin/../lib/gcc/arm-atollic-eabi/4.5.1/../../../../arm-atollic-eabi/lib/thumb/thumb2\libc.a(lib_a-svfiprintf.o)
 .ARM.attributes
                0x00000b24       0x29 c:/program files (x86)/atollic/truestudio stm32 lite 2.1.0/armtools/bin/../lib/gcc/arm-atollic-eabi/4.5.1/../../../../arm-atollic-eabi/lib/thumb/thumb2\libc.a(lib_a-syscalls.o)
 .ARM.attributes
                0x00000b4d       0x29 c:/program files (x86)/atollic/truestudio stm32 lite 2.1.0/armtools/bin/../lib/gcc/arm-atollic-eabi/4.5.1/../../../../arm-atollic-eabi/lib/thumb/thumb2\libc.a(lib_a-callocr.o)
 .ARM.attributes
                0x00000b76       0x29 c:/program files (x86)/atollic/truestudio stm32 lite 2.1.0/armtools/bin/../lib/gcc/arm-atollic-eabi/4.5.1/../../../../arm-atollic-eabi/lib/thumb/thumb2\libc.a(lib_a-freer.o)
 .ARM.attributes
                0x00000b9f       0x29 c:/program files (x86)/atollic/truestudio stm32 lite 2.1.0/armtools/bin/../lib/gcc/arm-atollic-eabi/4.5.1/../../../../arm-atollic-eabi/lib/thumb/thumb2\libc.a(lib_a-memmove.o)
 .ARM.attributes
                0x00000bc8       0x29 c:/program files (x86)/atollic/truestudio stm32 lite 2.1.0/armtools/bin/../lib/gcc/arm-atollic-eabi/4.5.1/../../../../arm-atollic-eabi/lib/thumb/thumb2\libc.a(lib_a-memset.o)
 .ARM.attributes
                0x00000bf1       0x29 c:/program files (x86)/atollic/truestudio stm32 lite 2.1.0/armtools/bin/../lib/gcc/arm-atollic-eabi/4.5.1/../../../../arm-atollic-eabi/lib/thumb/thumb2\libc.a(lib_a-reallocr.o)
 .ARM.attributes
                0x00000c1a       0x29 c:/program files (x86)/atollic/truestudio stm32 lite 2.1.0/armtools/bin/../lib/gcc/arm-atollic-eabi/4.5.1/../../../../arm-atollic-eabi/lib/thumb/thumb2\libc.a(lib_a-reent.o)
 .ARM.attributes
                0x00000c43       0x1b c:/program files (x86)/atollic/truestudio stm32 lite 2.1.0/armtools/bin/../lib/gcc/arm-atollic-eabi/4.5.1/thumb/thumb2\libgcc.a(_udivsi3.o)
 .ARM.attributes
                0x00000c5e       0x1b c:/program files (x86)/atollic/truestudio stm32 lite 2.1.0/armtools/bin/../lib/gcc/arm-atollic-eabi/4.5.1/thumb/thumb2\libgcc.a(_divsi3.o)
 .ARM.attributes
                0x00000c79       0x1b c:/program files (x86)/atollic/truestudio stm32 lite 2.1.0/armtools/bin/../lib/gcc/arm-atollic-eabi/4.5.1/thumb/thumb2\libgcc.a(_dvmd_tls.o)
 .ARM.attributes
                0x00000c94       0x1b c:/program files (x86)/atollic/truestudio stm32 lite 2.1.0/armtools/bin/../lib/gcc/arm-atollic-eabi/4.5.1/thumb/thumb2\libgcc.a(_aeabi_uldivmod.o)
 .ARM.attributes
                0x00000caf       0x29 c:/program files (x86)/atollic/truestudio stm32 lite 2.1.0/armtools/bin/../lib/gcc/arm-atollic-eabi/4.5.1/thumb/thumb2\libgcc.a(bpabi.o)
 .ARM.attributes
                0x00000cd8       0x29 c:/program files (x86)/atollic/truestudio stm32 lite 2.1.0/armtools/bin/../lib/gcc/arm-atollic-eabi/4.5.1/thumb/thumb2\libgcc.a(_divdi3.o)
 .ARM.attributes
                0x00000d01       0x29 c:/program files (x86)/atollic/truestudio stm32 lite 2.1.0/armtools/bin/../lib/gcc/arm-atollic-eabi/4.5.1/thumb/thumb2\libgcc.a(_udivdi3.o)
 .ARM.attributes
                0x00000d2a       0x29 c:/program files (x86)/atollic/truestudio stm32 lite 2.1.0/armtools/bin/../lib/gcc/arm-atollic-eabi/4.5.1/thumb/thumb2/crtend.o
 .ARM.attributes
                0x00000d53       0x19 c:/program files (x86)/atollic/truestudio stm32 lite 2.1.0/armtools/bin/../lib/gcc/arm-atollic-eabi/4.5.1/thumb/thumb2/crtn.o
OUTPUT(mems.elf elf32-littlearm)

.debug_line     0x00000000     0x95e4
 .debug_line    0x00000000       0x6d c:/program files (x86)/atollic/truestudio stm32 lite 2.1.0/armtools/bin/../lib/gcc/arm-atollic-eabi/4.5.1/thumb/thumb2/crti.o
 .debug_line    0x0000006d      0x218 src\system_stm32f10x.o
 .debug_line    0x00000285      0x10f src\stm32f10x_it.o
 .debug_line    0x00000394      0x539 src\stm32_mems_adapter.o
 .debug_line    0x000008cd      0x175 src\physix_m.o
 .debug_line    0x00000a42      0x3ab src\main.o
 .debug_line    0x00000ded      0x260 src\drawing.o
 .debug_line    0x0000104d      0x39a src\accel.o
 .debug_line    0x000013e7      0x85e Utilities\STM32_EVAL\STM3210C_EVAL\stm3210c_eval_lcd.o
 .debug_line    0x00001c45      0x747 Utilities\STM32_EVAL\STM3210C_EVAL\stm3210c_eval_ioe.o
 .debug_line    0x0000238c      0x38a Utilities\STM32_EVAL\STM3210C_EVAL\stm3210c_eval.o
 .debug_line    0x00002716      0x49c Utilities\STM32_EVAL\Common\stm32_eval_spi_sd.o
 .debug_line    0x00002bb2      0x4d2 Utilities\STM32_EVAL\Common\stm32_eval_i2c_ee.o
 .debug_line    0x00003084      0x11b Utilities\STM32_EVAL\Common\fonts.o
 .debug_line    0x0000319f      0x201 Libraries\STM32F10x_StdPeriph_Driver\src\stm32f10x_wwdg.o
 .debug_line    0x000033a0      0x459 Libraries\STM32F10x_StdPeriph_Driver\src\stm32f10x_usart.o
 .debug_line    0x000037f9      0xa53 Libraries\STM32F10x_StdPeriph_Driver\src\stm32f10x_tim.o
 .debug_line    0x0000424c      0x3ef Libraries\STM32F10x_StdPeriph_Driver\src\stm32f10x_spi.o
 .debug_line    0x0000463b      0x409 Libraries\STM32F10x_StdPeriph_Driver\src\stm32f10x_sdio.o
 .debug_line    0x00004a44      0x297 Libraries\STM32F10x_StdPeriph_Driver\src\stm32f10x_rtc.o
 .debug_line    0x00004cdb      0x541 Libraries\STM32F10x_StdPeriph_Driver\src\stm32f10x_rcc.o
 .debug_line    0x0000521c      0x254 Libraries\STM32F10x_StdPeriph_Driver\src\stm32f10x_pwr.o
 .debug_line    0x00005470      0x1da Libraries\STM32F10x_StdPeriph_Driver\src\stm32f10x_iwdg.o
 .debug_line    0x0000564a      0x495 Libraries\STM32F10x_StdPeriph_Driver\src\stm32f10x_i2c.o
 .debug_line    0x00005adf      0x36d Libraries\STM32F10x_StdPeriph_Driver\src\stm32f10x_gpio.o
 .debug_line    0x00005e4c      0x41e Libraries\STM32F10x_StdPeriph_Driver\src\stm32f10x_fsmc.o
 .debug_line    0x0000626a      0x498 Libraries\STM32F10x_StdPeriph_Driver\src\stm32f10x_flash.o
 .debug_line    0x00006702      0x266 Libraries\STM32F10x_StdPeriph_Driver\src\stm32f10x_exti.o
 .debug_line    0x00006968      0x2c1 Libraries\STM32F10x_StdPeriph_Driver\src\stm32f10x_dma.o
 .debug_line    0x00006c29      0x1a4 Libraries\STM32F10x_StdPeriph_Driver\src\stm32f10x_dbgmcu.o
 .debug_line    0x00006dcd      0x2ae Libraries\STM32F10x_StdPeriph_Driver\src\stm32f10x_dac.o
 .debug_line    0x0000707b      0x1e9 Libraries\STM32F10x_StdPeriph_Driver\src\stm32f10x_crc.o
 .debug_line    0x00007264      0x2d1 Libraries\STM32F10x_StdPeriph_Driver\src\stm32f10x_cec.o
 .debug_line    0x00007535      0x52f Libraries\STM32F10x_StdPeriph_Driver\src\stm32f10x_can.o
 .debug_line    0x00007a64      0x250 Libraries\STM32F10x_StdPeriph_Driver\src\stm32f10x_bkp.o
 .debug_line    0x00007cb4      0x4e1 Libraries\STM32F10x_StdPeriph_Driver\src\stm32f10x_adc.o
 .debug_line    0x00008195      0x202 Libraries\STM32F10x_StdPeriph_Driver\src\misc.o
 .debug_line    0x00008397       0xb1 Libraries\CMSIS\CM3\DeviceSupport\ST\STM32F10x\startup\TrueSTUDIO\startup_stm32f10x_cl.o
 .debug_line    0x00008448      0x299 Libraries\CMSIS\CM3\CoreSupport\core_cm3.o
 .debug_line    0x000086e1      0x213 c:/program files (x86)/atollic/truestudio stm32 lite 2.1.0/armtools/bin/../lib/gcc/arm-atollic-eabi/4.5.1/thumb/thumb2\libgcc.a(_arm_addsubdf3.o)
 .debug_line    0x000088f4      0x22f c:/program files (x86)/atollic/truestudio stm32 lite 2.1.0/armtools/bin/../lib/gcc/arm-atollic-eabi/4.5.1/thumb/thumb2\libgcc.a(_arm_muldivdf3.o)
 .debug_line    0x00008b23      0x115 c:/program files (x86)/atollic/truestudio stm32 lite 2.1.0/armtools/bin/../lib/gcc/arm-atollic-eabi/4.5.1/thumb/thumb2\libgcc.a(_arm_cmpdf2.o)
 .debug_line    0x00008c38       0x8d c:/program files (x86)/atollic/truestudio stm32 lite 2.1.0/armtools/bin/../lib/gcc/arm-atollic-eabi/4.5.1/thumb/thumb2\libgcc.a(_arm_fixdfsi.o)
 .debug_line    0x00008cc5       0xa1 c:/program files (x86)/atollic/truestudio stm32 lite 2.1.0/armtools/bin/../lib/gcc/arm-atollic-eabi/4.5.1/thumb/thumb2\libgcc.a(_arm_truncdfsf2.o)
 .debug_line    0x00008d66      0x12f c:/program files (x86)/atollic/truestudio stm32 lite 2.1.0/armtools/bin/../lib/gcc/arm-atollic-eabi/4.5.1/thumb/thumb2\libgcc.a(_arm_addsubsf3.o)
 .debug_line    0x00008e95      0x150 c:/program files (x86)/atollic/truestudio stm32 lite 2.1.0/armtools/bin/../lib/gcc/arm-atollic-eabi/4.5.1/thumb/thumb2\libgcc.a(_arm_muldivsf3.o)
 .debug_line    0x00008fe5       0x8d c:/program files (x86)/atollic/truestudio stm32 lite 2.1.0/armtools/bin/../lib/gcc/arm-atollic-eabi/4.5.1/thumb/thumb2\libgcc.a(_arm_fixsfsi.o)
 .debug_line    0x00009072       0x89 c:/program files (x86)/atollic/truestudio stm32 lite 2.1.0/armtools/bin/../lib/gcc/arm-atollic-eabi/4.5.1/thumb/thumb2\libgcc.a(_arm_fixunssfsi.o)
 .debug_line    0x000090fb       0x99 c:/program files (x86)/atollic/truestudio stm32 lite 2.1.0/armtools/bin/../lib/gcc/arm-atollic-eabi/4.5.1/thumb/thumb2\libgcc.a(_udivsi3.o)
 .debug_line    0x00009194       0xaa c:/program files (x86)/atollic/truestudio stm32 lite 2.1.0/armtools/bin/../lib/gcc/arm-atollic-eabi/4.5.1/thumb/thumb2\libgcc.a(_divsi3.o)
 .debug_line    0x0000923e       0x76 c:/program files (x86)/atollic/truestudio stm32 lite 2.1.0/armtools/bin/../lib/gcc/arm-atollic-eabi/4.5.1/thumb/thumb2\libgcc.a(_dvmd_tls.o)
 .debug_line    0x000092b4       0x78 c:/program files (x86)/atollic/truestudio stm32 lite 2.1.0/armtools/bin/../lib/gcc/arm-atollic-eabi/4.5.1/thumb/thumb2\libgcc.a(_aeabi_uldivmod.o)
 .debug_line    0x0000932c       0x78 c:/program files (x86)/atollic/truestudio stm32 lite 2.1.0/armtools/bin/../lib/gcc/arm-atollic-eabi/4.5.1/thumb/thumb2\libgcc.a(bpabi.o)
 .debug_line    0x000093a4       0xed c:/program files (x86)/atollic/truestudio stm32 lite 2.1.0/armtools/bin/../lib/gcc/arm-atollic-eabi/4.5.1/thumb/thumb2\libgcc.a(_divdi3.o)
 .debug_line    0x00009491       0xe3 c:/program files (x86)/atollic/truestudio stm32 lite 2.1.0/armtools/bin/../lib/gcc/arm-atollic-eabi/4.5.1/thumb/thumb2\libgcc.a(_udivdi3.o)
 .debug_line    0x00009574       0x70 c:/program files (x86)/atollic/truestudio stm32 lite 2.1.0/armtools/bin/../lib/gcc/arm-atollic-eabi/4.5.1/thumb/thumb2/crtn.o

.debug_info     0x00000000    0x144cf
 .debug_info    0x00000000       0x7e c:/program files (x86)/atollic/truestudio stm32 lite 2.1.0/armtools/bin/../lib/gcc/arm-atollic-eabi/4.5.1/thumb/thumb2/crti.o
 .debug_info    0x0000007e      0x4fe src\system_stm32f10x.o
 .debug_info    0x0000057c      0x16a src\stm32f10x_it.o
 .debug_info    0x000006e6     0x1134 src\stm32_mems_adapter.o
 .debug_info    0x0000181a      0x34d src\physix_m.o
 .debug_info    0x00001b67      0xaf6 src\main.o
 .debug_info    0x0000265d      0x350 src\drawing.o
 .debug_info    0x000029ad      0x5ed src\accel.o
 .debug_info    0x00002f9a     0x10ba Utilities\STM32_EVAL\STM3210C_EVAL\stm3210c_eval_lcd.o
 .debug_info    0x00004054     0x11ef Utilities\STM32_EVAL\STM3210C_EVAL\stm3210c_eval_ioe.o
 .debug_info    0x00005243     0x108a Utilities\STM32_EVAL\STM3210C_EVAL\stm3210c_eval.o
 .debug_info    0x000062cd      0xacf Utilities\STM32_EVAL\Common\stm32_eval_spi_sd.o
 .debug_info    0x00006d9c      0x58f Utilities\STM32_EVAL\Common\stm32_eval_i2c_ee.o
 .debug_info    0x0000732b      0x110 Utilities\STM32_EVAL\Common\fonts.o
 .debug_info    0x0000743b      0x239 Libraries\STM32F10x_StdPeriph_Driver\src\stm32f10x_wwdg.o
 .debug_info    0x00007674      0xa70 Libraries\STM32F10x_StdPeriph_Driver\src\stm32f10x_usart.o
 .debug_info    0x000080e4     0x1e1c Libraries\STM32F10x_StdPeriph_Driver\src\stm32f10x_tim.o
 .debug_info    0x00009f00      0xa43 Libraries\STM32F10x_StdPeriph_Driver\src\stm32f10x_spi.o
 .debug_info    0x0000a943      0x893 Libraries\STM32F10x_StdPeriph_Driver\src\stm32f10x_sdio.o
 .debug_info    0x0000b1d6      0x46e Libraries\STM32F10x_StdPeriph_Driver\src\stm32f10x_rtc.o
 .debug_info    0x0000b644      0xb33 Libraries\STM32F10x_StdPeriph_Driver\src\stm32f10x_rcc.o
 .debug_info    0x0000c177      0x45f Libraries\STM32F10x_StdPeriph_Driver\src\stm32f10x_pwr.o
 .debug_info    0x0000c5d6      0x204 Libraries\STM32F10x_StdPeriph_Driver\src\stm32f10x_iwdg.o
 .debug_info    0x0000c7da      0xb98 Libraries\STM32F10x_StdPeriph_Driver\src\stm32f10x_i2c.o
 .debug_info    0x0000d372      0x727 Libraries\STM32F10x_StdPeriph_Driver\src\stm32f10x_gpio.o
 .debug_info    0x0000da99      0x99d Libraries\STM32F10x_StdPeriph_Driver\src\stm32f10x_fsmc.o
 .debug_info    0x0000e436      0x81d Libraries\STM32F10x_StdPeriph_Driver\src\stm32f10x_flash.o
 .debug_info    0x0000ec53      0x365 Libraries\STM32F10x_StdPeriph_Driver\src\stm32f10x_exti.o
 .debug_info    0x0000efb8      0x4a6 Libraries\STM32F10x_StdPeriph_Driver\src\stm32f10x_dma.o
 .debug_info    0x0000f45e      0x15e Libraries\STM32F10x_StdPeriph_Driver\src\stm32f10x_dbgmcu.o
 .debug_info    0x0000f5bc      0x4dc Libraries\STM32F10x_StdPeriph_Driver\src\stm32f10x_dac.o
 .debug_info    0x0000fa98      0x204 Libraries\STM32F10x_StdPeriph_Driver\src\stm32f10x_crc.o
 .debug_info    0x0000fc9c      0x440 Libraries\STM32F10x_StdPeriph_Driver\src\stm32f10x_cec.o
 .debug_info    0x000100dc      0xc5b Libraries\STM32F10x_StdPeriph_Driver\src\stm32f10x_can.o
 .debug_info    0x00010d37      0x87d Libraries\STM32F10x_StdPeriph_Driver\src\stm32f10x_bkp.o
 .debug_info    0x000115b4      0xc12 Libraries\STM32F10x_StdPeriph_Driver\src\stm32f10x_adc.o
 .debug_info    0x000121c6      0x54a Libraries\STM32F10x_StdPeriph_Driver\src\misc.o
 .debug_info    0x00012710       0xbe Libraries\CMSIS\CM3\DeviceSupport\ST\STM32F10x\startup\TrueSTUDIO\startup_stm32f10x_cl.o
 .debug_info    0x000127ce      0x54c Libraries\CMSIS\CM3\CoreSupport\core_cm3.o
 .debug_info    0x00012d1a       0xba c:/program files (x86)/atollic/truestudio stm32 lite 2.1.0/armtools/bin/../lib/gcc/arm-atollic-eabi/4.5.1/thumb/thumb2\libgcc.a(_arm_addsubdf3.o)
 .debug_info    0x00012dd4       0xba c:/program files (x86)/atollic/truestudio stm32 lite 2.1.0/armtools/bin/../lib/gcc/arm-atollic-eabi/4.5.1/thumb/thumb2\libgcc.a(_arm_muldivdf3.o)
 .debug_info    0x00012e8e       0xba c:/program files (x86)/atollic/truestudio stm32 lite 2.1.0/armtools/bin/../lib/gcc/arm-atollic-eabi/4.5.1/thumb/thumb2\libgcc.a(_arm_cmpdf2.o)
 .debug_info    0x00012f48       0xba c:/program files (x86)/atollic/truestudio stm32 lite 2.1.0/armtools/bin/../lib/gcc/arm-atollic-eabi/4.5.1/thumb/thumb2\libgcc.a(_arm_fixdfsi.o)
 .debug_info    0x00013002       0xba c:/program files (x86)/atollic/truestudio stm32 lite 2.1.0/armtools/bin/../lib/gcc/arm-atollic-eabi/4.5.1/thumb/thumb2\libgcc.a(_arm_truncdfsf2.o)
 .debug_info    0x000130bc       0xba c:/program files (x86)/atollic/truestudio stm32 lite 2.1.0/armtools/bin/../lib/gcc/arm-atollic-eabi/4.5.1/thumb/thumb2\libgcc.a(_arm_addsubsf3.o)
 .debug_info    0x00013176       0xba c:/program files (x86)/atollic/truestudio stm32 lite 2.1.0/armtools/bin/../lib/gcc/arm-atollic-eabi/4.5.1/thumb/thumb2\libgcc.a(_arm_muldivsf3.o)
 .debug_info    0x00013230       0xba c:/program files (x86)/atollic/truestudio stm32 lite 2.1.0/armtools/bin/../lib/gcc/arm-atollic-eabi/4.5.1/thumb/thumb2\libgcc.a(_arm_fixsfsi.o)
 .debug_info    0x000132ea       0xba c:/program files (x86)/atollic/truestudio stm32 lite 2.1.0/armtools/bin/../lib/gcc/arm-atollic-eabi/4.5.1/thumb/thumb2\libgcc.a(_arm_fixunssfsi.o)
 .debug_info    0x000133a4       0xbb c:/program files (x86)/atollic/truestudio stm32 lite 2.1.0/armtools/bin/../lib/gcc/arm-atollic-eabi/4.5.1/thumb/thumb2\libgcc.a(_udivsi3.o)
 .debug_info    0x0001345f       0xbb c:/program files (x86)/atollic/truestudio stm32 lite 2.1.0/armtools/bin/../lib/gcc/arm-atollic-eabi/4.5.1/thumb/thumb2\libgcc.a(_divsi3.o)
 .debug_info    0x0001351a       0xbb c:/program files (x86)/atollic/truestudio stm32 lite 2.1.0/armtools/bin/../lib/gcc/arm-atollic-eabi/4.5.1/thumb/thumb2\libgcc.a(_dvmd_tls.o)
 .debug_info    0x000135d5       0xb5 c:/program files (x86)/atollic/truestudio stm32 lite 2.1.0/armtools/bin/../lib/gcc/arm-atollic-eabi/4.5.1/thumb/thumb2\libgcc.a(_aeabi_uldivmod.o)
 .debug_info    0x0001368a       0xf0 c:/program files (x86)/atollic/truestudio stm32 lite 2.1.0/armtools/bin/../lib/gcc/arm-atollic-eabi/4.5.1/thumb/thumb2\libgcc.a(bpabi.o)
 .debug_info    0x0001377a      0x68c c:/program files (x86)/atollic/truestudio stm32 lite 2.1.0/armtools/bin/../lib/gcc/arm-atollic-eabi/4.5.1/thumb/thumb2\libgcc.a(_divdi3.o)
 .debug_info    0x00013e06      0x64b c:/program files (x86)/atollic/truestudio stm32 lite 2.1.0/armtools/bin/../lib/gcc/arm-atollic-eabi/4.5.1/thumb/thumb2\libgcc.a(_udivdi3.o)
 .debug_info    0x00014451       0x7e c:/program files (x86)/atollic/truestudio stm32 lite 2.1.0/armtools/bin/../lib/gcc/arm-atollic-eabi/4.5.1/thumb/thumb2/crtn.o

.debug_abbrev   0x00000000     0x386d
 .debug_abbrev  0x00000000       0x12 c:/program files (x86)/atollic/truestudio stm32 lite 2.1.0/armtools/bin/../lib/gcc/arm-atollic-eabi/4.5.1/thumb/thumb2/crti.o
 .debug_abbrev  0x00000012      0x180 src\system_stm32f10x.o
 .debug_abbrev  0x00000192       0x59 src\stm32f10x_it.o
 .debug_abbrev  0x000001eb      0x1e0 src\stm32_mems_adapter.o
 .debug_abbrev  0x000003cb       0xe2 src\physix_m.o
 .debug_abbrev  0x000004ad      0x26a src\main.o
 .debug_abbrev  0x00000717      0x102 src\drawing.o
 .debug_abbrev  0x00000819      0x1d2 src\accel.o
 .debug_abbrev  0x000009eb      0x237 Utilities\STM32_EVAL\STM3210C_EVAL\stm3210c_eval_lcd.o
 .debug_abbrev  0x00000c22      0x1ec Utilities\STM32_EVAL\STM3210C_EVAL\stm3210c_eval_ioe.o
 .debug_abbrev  0x00000e0e      0x1bc Utilities\STM32_EVAL\STM3210C_EVAL\stm3210c_eval.o
 .debug_abbrev  0x00000fca      0x1d9 Utilities\STM32_EVAL\Common\stm32_eval_spi_sd.o
 .debug_abbrev  0x000011a3      0x1c6 Utilities\STM32_EVAL\Common\stm32_eval_i2c_ee.o
 .debug_abbrev  0x00001369       0x99 Utilities\STM32_EVAL\Common\fonts.o
 .debug_abbrev  0x00001402       0xfa Libraries\STM32F10x_StdPeriph_Driver\src\stm32f10x_wwdg.o
 .debug_abbrev  0x000014fc      0x15d Libraries\STM32F10x_StdPeriph_Driver\src\stm32f10x_usart.o
 .debug_abbrev  0x00001659      0x174 Libraries\STM32F10x_StdPeriph_Driver\src\stm32f10x_tim.o
 .debug_abbrev  0x000017cd      0x15f Libraries\STM32F10x_StdPeriph_Driver\src\stm32f10x_spi.o
 .debug_abbrev  0x0000192c      0x1a4 Libraries\STM32F10x_StdPeriph_Driver\src\stm32f10x_sdio.o
 .debug_abbrev  0x00001ad0      0x168 Libraries\STM32F10x_StdPeriph_Driver\src\stm32f10x_rtc.o
 .debug_abbrev  0x00001c38      0x193 Libraries\STM32F10x_StdPeriph_Driver\src\stm32f10x_rcc.o
 .debug_abbrev  0x00001dcb      0x186 Libraries\STM32F10x_StdPeriph_Driver\src\stm32f10x_pwr.o
 .debug_abbrev  0x00001f51       0xfc Libraries\STM32F10x_StdPeriph_Driver\src\stm32f10x_iwdg.o
 .debug_abbrev  0x0000204d      0x15f Libraries\STM32F10x_StdPeriph_Driver\src\stm32f10x_i2c.o
 .debug_abbrev  0x000021ac      0x1a6 Libraries\STM32F10x_StdPeriph_Driver\src\stm32f10x_gpio.o
 .debug_abbrev  0x00002352      0x168 Libraries\STM32F10x_StdPeriph_Driver\src\stm32f10x_fsmc.o
 .debug_abbrev  0x000024ba      0x164 Libraries\STM32F10x_StdPeriph_Driver\src\stm32f10x_flash.o
 .debug_abbrev  0x0000261e      0x14c Libraries\STM32F10x_StdPeriph_Driver\src\stm32f10x_exti.o
 .debug_abbrev  0x0000276a      0x150 Libraries\STM32F10x_StdPeriph_Driver\src\stm32f10x_dma.o
 .debug_abbrev  0x000028ba       0xdc Libraries\STM32F10x_StdPeriph_Driver\src\stm32f10x_dbgmcu.o
 .debug_abbrev  0x00002996      0x16b Libraries\STM32F10x_StdPeriph_Driver\src\stm32f10x_dac.o
 .debug_abbrev  0x00002b01      0x10c Libraries\STM32F10x_StdPeriph_Driver\src\stm32f10x_crc.o
 .debug_abbrev  0x00002c0d      0x18b Libraries\STM32F10x_StdPeriph_Driver\src\stm32f10x_cec.o
 .debug_abbrev  0x00002d98      0x1ae Libraries\STM32F10x_StdPeriph_Driver\src\stm32f10x_can.o
 .debug_abbrev  0x00002f46      0x158 Libraries\STM32F10x_StdPeriph_Driver\src\stm32f10x_bkp.o
 .debug_abbrev  0x0000309e      0x176 Libraries\STM32F10x_StdPeriph_Driver\src\stm32f10x_adc.o
 .debug_abbrev  0x00003214      0x137 Libraries\STM32F10x_StdPeriph_Driver\src\misc.o
 .debug_abbrev  0x0000334b       0x12 Libraries\CMSIS\CM3\DeviceSupport\ST\STM32F10x\startup\TrueSTUDIO\startup_stm32f10x_cl.o
 .debug_abbrev  0x0000335d       0xd7 Libraries\CMSIS\CM3\CoreSupport\core_cm3.o
 .debug_abbrev  0x00003434       0x14 c:/program files (x86)/atollic/truestudio stm32 lite 2.1.0/armtools/bin/../lib/gcc/arm-atollic-eabi/4.5.1/thumb/thumb2\libgcc.a(_arm_addsubdf3.o)
 .debug_abbrev  0x00003448       0x14 c:/program files (x86)/atollic/truestudio stm32 lite 2.1.0/armtools/bin/../lib/gcc/arm-atollic-eabi/4.5.1/thumb/thumb2\libgcc.a(_arm_muldivdf3.o)
 .debug_abbrev  0x0000345c       0x14 c:/program files (x86)/atollic/truestudio stm32 lite 2.1.0/armtools/bin/../lib/gcc/arm-atollic-eabi/4.5.1/thumb/thumb2\libgcc.a(_arm_cmpdf2.o)
 .debug_abbrev  0x00003470       0x14 c:/program files (x86)/atollic/truestudio stm32 lite 2.1.0/armtools/bin/../lib/gcc/arm-atollic-eabi/4.5.1/thumb/thumb2\libgcc.a(_arm_fixdfsi.o)
 .debug_abbrev  0x00003484       0x14 c:/program files (x86)/atollic/truestudio stm32 lite 2.1.0/armtools/bin/../lib/gcc/arm-atollic-eabi/4.5.1/thumb/thumb2\libgcc.a(_arm_truncdfsf2.o)
 .debug_abbrev  0x00003498       0x14 c:/program files (x86)/atollic/truestudio stm32 lite 2.1.0/armtools/bin/../lib/gcc/arm-atollic-eabi/4.5.1/thumb/thumb2\libgcc.a(_arm_addsubsf3.o)
 .debug_abbrev  0x000034ac       0x14 c:/program files (x86)/atollic/truestudio stm32 lite 2.1.0/armtools/bin/../lib/gcc/arm-atollic-eabi/4.5.1/thumb/thumb2\libgcc.a(_arm_muldivsf3.o)
 .debug_abbrev  0x000034c0       0x14 c:/program files (x86)/atollic/truestudio stm32 lite 2.1.0/armtools/bin/../lib/gcc/arm-atollic-eabi/4.5.1/thumb/thumb2\libgcc.a(_arm_fixsfsi.o)
 .debug_abbrev  0x000034d4       0x14 c:/program files (x86)/atollic/truestudio stm32 lite 2.1.0/armtools/bin/../lib/gcc/arm-atollic-eabi/4.5.1/thumb/thumb2\libgcc.a(_arm_fixunssfsi.o)
 .debug_abbrev  0x000034e8       0x14 c:/program files (x86)/atollic/truestudio stm32 lite 2.1.0/armtools/bin/../lib/gcc/arm-atollic-eabi/4.5.1/thumb/thumb2\libgcc.a(_udivsi3.o)
 .debug_abbrev  0x000034fc       0x14 c:/program files (x86)/atollic/truestudio stm32 lite 2.1.0/armtools/bin/../lib/gcc/arm-atollic-eabi/4.5.1/thumb/thumb2\libgcc.a(_divsi3.o)